// Jest Snapshot v1, https://goo.gl/fbAQLP

exports[`renders correctly 1`] = `
<div
  query="(max-width:960px)"
>
  Media - 
  <div
    className="navbar-links"
  >
    <div
      className="navbar-link"
      style={
        Object {
          "color": "black",
          "textDecoration": "none",
        }
      }
      to={
        Object {
          "pathname": "/auth/sign-up",
          "state": Object {
            "referrer": "/suppliers/new",
          },
        }
      }
    >
      Link - 
      <h3
        className="MuiTypography-root-1 MuiTypography-subheading-8 MuiTypography-colorInherit-20"
        style={
          Object {
            "alignSelf": "center",
            "display": "inline-block",
          }
        }
      >
        Cadastrar fornecedor
      </h3>
    </div>
    <div
      className="navbar-link"
      style={
        Object {
          "color": "black",
          "textDecoration": "none",
        }
      }
      to={
        Object {
          "pathname": "/auth/sign-in",
          "state": Object {
            "referrer": "foo-path",
          },
        }
      }
    >
      Link - 
      <h3
        className="MuiTypography-root-1 MuiTypography-subheading-8 MuiTypography-colorInherit-20"
        style={
          Object {
            "alignSelf": "center",
            "display": "inline-block",
          }
        }
      >
        Entrar
      </h3>
    </div>
  </div>
</div>
`;
