// Jest Snapshot v1, https://goo.gl/fbAQLP

exports[`renders correctly 1`] = `
<div
  disableCache={true}
  id="foo"
  name="suppliers"
  render={[Function]}
>
  Info - 
  <div
    foo="bar"
    match={
      Object {
        "params": Object {
          "id": "foo",
        },
      }
    }
  >
    renderInfo
  </div>
</div>
`;
