// Jest Snapshot v1, https://goo.gl/fbAQLP

exports[`render renders correctly 1`] = `
<div
  currentUser={
    Object {
      "albums": Array [
        Object {
          "id": 1,
          "name": "123",
        },
        Object {
          "id": 2,
          "name": "345",
        },
      ],
    }
  }
  match={
    Object {
      "params": Object {
        "id": 123,
      },
    }
  }
  title="Torne-se premium"
>
  Dialog - 
  <div
    name="subscriptions"
    render={[Function]}
    renderCreated={[Function]}
  >
    New - 
    <div
      creating={undefined}
      currentUser={
        Object {
          "albums": Array [
            Object {
              "id": 1,
              "name": "123",
            },
            Object {
              "id": 2,
              "name": "345",
            },
          ],
        }
      }
      error={undefined}
    >
      render
    </div>
     - 
    <div
      to="/albums/123/premium/success"
    >
      Redirect
    </div>
  </div>
</div>
`;
