// Jest Snapshot v1, https://goo.gl/fbAQLP

exports[`renders correctly 1`] = `
<div
  className="MuiGrid-container-1 MuiGrid-spacing-xs-8-22"
>
  <div
    className="MuiGrid-item-2 MuiGrid-grid-xs-12-39"
  >
    <div
      className="MuiPaper-root-92 MuiPaper-elevation0-94 MuiPaper-rounded-93"
    >
      <img
        alt="foo"
        src="bar"
        style={
          Object {
            "height": 360,
            "objectFit": "cover",
            "width": "100%",
          }
        }
      />
    </div>
  </div>
  <div
    className="MuiGrid-item-2 MuiGrid-grid-xs-12-39 MuiGrid-grid-sm-9-49"
  >
    <div
      className="MuiPaper-root-92 MuiPaper-elevation1-95 MuiPaper-rounded-93 MuiCard-root-119"
    >
      <div
        className="MuiCardContent-root-120"
      >
        <h1
          className="MuiTypography-root-121 MuiTypography-display1-125"
        >
          foo
        </h1>
        <span
          className="MuiTypography-root-121 MuiTypography-caption-131"
          style={
            Object {
              "marginBottom": 16,
            }
          }
        >
          999
        </span>
        <h3
          className="MuiTypography-root-121 MuiTypography-subheading-128"
          style={
            Object {
              "marginBottom": 24,
            }
          }
        >
          info
        </h3>
        <div>
          <div />
          <div
            style={
              Object {
                "color": "black",
                "textDecoration": "none",
              }
            }
            to={
              Object {
                "pathname": "/auth/sign-up",
                "state": Object {
                  "referrer": "/undefined/reviews/new",
                },
              }
            }
          >
            <button
              className="MuiButtonBase-root-161 MuiButton-root-145"
              disabled={false}
              onBlur={[Function]}
              onFocus={[Function]}
              onKeyDown={[Function]}
              onKeyUp={[Function]}
              onMouseDown={[Function]}
              onMouseLeave={[Function]}
              onMouseUp={[Function]}
              onTouchEnd={[Function]}
              onTouchMove={[Function]}
              onTouchStart={[Function]}
              tabIndex="0"
              type="button"
            >
              <span
                className="MuiButton-label-146"
              >
                Avaliar
              </span>
              <span
                className="MuiTouchRipple-root-164"
              />
            </button>
          </div>
        </div>
        <a
          href={undefined}
          style={
            Object {
              "color": "black",
              "display": "inline-block",
              "marginRight": 24,
              "textDecoration": "none",
            }
          }
          target="_blank"
        >
          <svg
            aria-hidden="true"
            className="MuiSvgIcon-root-171"
            color={undefined}
            focusable="false"
            style={
              Object {
                "marginRight": 8,
                "verticalAlign": "middle",
              }
            }
            viewBox="0 0 24 24"
          >
            <g>
              <path
                d="M19.35 10.04C18.67 6.59 15.64 4 12 4 9.11 4 6.6 5.64 5.35 8.04 2.34 8.36 0 10.91 0 14c0 3.31 2.69 6 6 6h13c2.76 0 5-2.24 5-5 0-2.64-2.05-4.78-4.65-4.96zM17 13l-5 5-5-5h3V9h4v4h3z"
              />
            </g>
          </svg>
          <p
            className="MuiTypography-root-121 MuiTypography-body1-130 MuiTypography-colorInherit-140"
            style={
              Object {
                "display": "inline-block",
                "verticalAlign": "middle",
              }
            }
          >
            Ficha técnica
          </p>
        </a>
        <div
          averagePrice="100"
          code="999"
          current={
            Object {
              "averagePrice": "100",
              "code": "999",
              "description": "info",
              "imageUrl": "bar",
              "manufacturingLocation": "Foo City/FO",
              "name": "foo",
              "properties": "Foo properties",
              "salesLocation": "Bar City/BR",
              "supplierContact": "foo@bar.com",
              "supplierName": "Foo Supplier",
              "technicalSpecification_url": "http://foo",
              "usage": "Bar usage",
            }
          }
          description="info"
          imageUrl="bar"
          location={Object {}}
          manufacturingLocation="Foo City/FO"
          name="foo"
          properties="Foo properties"
          salesLocation="Bar City/BR"
          supplierContact="foo@bar.com"
          supplierName="Foo Supplier"
          technicalSpecification_url="http://foo"
          usage="Bar usage"
        >
          Favorites
        </div>
      </div>
    </div>
  </div>
  <div
    className="MuiGrid-item-2 MuiGrid-grid-xs-12-39 MuiGrid-grid-sm-3-43"
  >
    <div
      className="MuiPaper-root-92 MuiPaper-elevation1-95 MuiPaper-rounded-93 MuiCard-root-119"
    >
      <div
        className="MuiCardContent-root-120"
      >
        <div
          style={
            Object {
              "marginBottom": 8,
            }
          }
        >
          <span
            className="MuiTypography-root-121 MuiTypography-caption-131"
          >
            Fornecedor
          </span>
          <h3
            className="MuiTypography-root-121 MuiTypography-subheading-128"
          >
            Foo Supplier
          </h3>
        </div>
        <div
          style={
            Object {
              "marginBottom": 8,
            }
          }
        >
          <span
            className="MuiTypography-root-121 MuiTypography-caption-131"
          >
            Local de produção
          </span>
          <h3
            className="MuiTypography-root-121 MuiTypography-subheading-128"
          >
            Foo City/FO
          </h3>
        </div>
        <div
          style={
            Object {
              "marginBottom": 8,
            }
          }
        >
          <span
            className="MuiTypography-root-121 MuiTypography-caption-131"
          >
            Preço médio
          </span>
          <h3
            className="MuiTypography-root-121 MuiTypography-subheading-128"
          >
            100
          </h3>
        </div>
        <p
          className="MuiTypography-root-121 MuiTypography-body1-130 MuiTypography-colorInherit-140"
        >
          <div
            style={
              Object {
                "textDecoration": "none",
              }
            }
            to={
              Object {
                "pathname": "/auth/sign-up",
                "state": Object {
                  "referrer": undefined,
                },
              }
            }
          >
            Cadastre-se
          </div>
           
          <span>
            para ver o contato do fornecedor.
          </span>
        </p>
      </div>
    </div>
  </div>
  <div
    current={
      Object {
        "averagePrice": "100",
        "code": "999",
        "description": "info",
        "imageUrl": "bar",
        "manufacturingLocation": "Foo City/FO",
        "name": "foo",
        "properties": "Foo properties",
        "salesLocation": "Bar City/BR",
        "supplierContact": "foo@bar.com",
        "supplierName": "Foo Supplier",
        "technicalSpecification_url": "http://foo",
        "usage": "Bar usage",
      }
    }
    id={undefined}
    location={Object {}}
    type="materials"
  >
    Comments
  </div>
</div>
`;
