// Jest Snapshot v1, https://goo.gl/fbAQLP

exports[`renders correctly 1`] = `
<div
  style={
    Object {
      "marginBottom": 22,
    }
  }
>
  <h2
    className="MuiTypography-root-1 MuiTypography-title-7 MuiTypography-colorTextSecondary-23 MuiTypography-gutterBottom-18"
  >
    Fornecedor
  </h2>
  <div
    pathname={undefined}
    text="para ver o contato do fornecedor."
  >
    SignUpLink
  </div>
</div>
`;

exports[`with current user renders correctly 1`] = `
<div
  style={
    Object {
      "marginBottom": 22,
    }
  }
>
  <h2
    className="MuiTypography-root-1 MuiTypography-title-7 MuiTypography-colorTextSecondary-23 MuiTypography-gutterBottom-18"
  >
    Fornecedor
  </h2>
  <h3
    className="MuiTypography-root-1 MuiTypography-subheading-8"
    style={
      Object {
        "marginBottom": 10,
      }
    }
  />
  <div
    style={
      Object {
        "textDecoration": "none",
      }
    }
    to="/suppliers/undefined"
  >
    Link - 
    <button
      className="MuiButtonBase-root-41 MuiButton-root-25 MuiButton-raised-31 MuiButton-raisedPrimary-32"
      disabled={false}
      onBlur={[Function]}
      onFocus={[Function]}
      onKeyDown={[Function]}
      onKeyUp={[Function]}
      onMouseDown={[Function]}
      onMouseLeave={[Function]}
      onMouseUp={[Function]}
      onTouchEnd={[Function]}
      onTouchMove={[Function]}
      onTouchStart={[Function]}
      tabIndex="0"
      type="button"
    >
      <span
        className="MuiButton-label-26"
      >
        Ver perfil
      </span>
      <span
        className="MuiTouchRipple-root-44"
      />
    </button>
  </div>
</div>
`;
