// Jest Snapshot v1, https://goo.gl/fbAQLP

exports[`renders correctly 1`] = `
<div
  style={
    Object {
      "marginBottom": 22,
    }
  }
>
  <h6
    className="MuiTypography-root-1 MuiTypography-h6-18 MuiTypography-colorTextSecondary-34 MuiTypography-gutterBottom-28"
  >
    Fornecedor
  </h6>
  <div
    pathname={undefined}
    text="para ver o contato do fornecedor."
  >
    SignUpLink
  </div>
</div>
`;

exports[`with current user renders correctly 1`] = `
<div
  style={
    Object {
      "marginBottom": 22,
    }
  }
>
  <h6
    className="MuiTypography-root-1 MuiTypography-h6-18 MuiTypography-colorTextSecondary-34 MuiTypography-gutterBottom-28"
  >
    Fornecedor
  </h6>
  <h6
    className="MuiTypography-root-1 MuiTypography-subtitle1-19"
    style={
      Object {
        "marginBottom": 10,
      }
    }
  />
  <div
    style={
      Object {
        "textDecoration": "none",
      }
    }
    to="/suppliers/undefined"
  >
    Link - 
    <button
      className="MuiButtonBase-root-62 MuiButton-root-36 MuiButton-contained-47 MuiButton-containedPrimary-48 MuiButton-raised-50 MuiButton-raisedPrimary-51"
      disabled={false}
      onBlur={[Function]}
      onFocus={[Function]}
      onKeyDown={[Function]}
      onKeyUp={[Function]}
      onMouseDown={[Function]}
      onMouseLeave={[Function]}
      onMouseUp={[Function]}
      onTouchEnd={[Function]}
      onTouchMove={[Function]}
      onTouchStart={[Function]}
      tabIndex="0"
      type="button"
    >
      <span
        className="MuiButton-label-37"
      >
        Ver perfil
      </span>
      <span
        className="MuiTouchRipple-root-65"
      />
    </button>
  </div>
</div>
`;
