// Jest Snapshot v1, https://goo.gl/fbAQLP

exports[`renders correctly 1`] = `
<a
  className="navbar-link"
  href="#destroy"
  onClick={[Function]}
  style={
    Object {
      "color": "black",
      "marginLeft": 20,
    }
  }
>
  <h3
    className="MuiTypography-root-1 MuiTypography-subheading-8 MuiTypography-colorInherit-20"
    style={
      Object {
        "alignSelf": "center",
        "display": "inline-block",
      }
    }
  >
    Sair
  </h3>
</a>
`;

exports[`when destroyed renders correctly 1`] = `null`;

exports[`while destroying renders correctly 1`] = `"..."`;
