// Jest Snapshot v1, https://goo.gl/fbAQLP

exports[`render correctly 1`] = `
<div>
  Filters - 
  <div
    expandedCategories={Array []}
    filters={Object {}}
    history={
      Object {
        "push": [Function],
      }
    }
    list={
      Array [
        Object {
          "id": 123,
          "name": "foo",
        },
        Object {
          "id": 321,
          "name": "bar",
        },
      ]
    }
    onChangeExpanded={[Function]}
  />
  <div
    expandedCategories={Array []}
    filters={Object {}}
    history={
      Object {
        "push": [Function],
      }
    }
    list={
      Array [
        Object {
          "id": 123,
          "name": "foo",
        },
        Object {
          "id": 321,
          "name": "bar",
        },
      ]
    }
    onChangeExpanded={[Function]}
  />
</div>
`;
