// Jest Snapshot v1, https://goo.gl/fbAQLP

exports[`renders correctly 1`] = `
<div>
  <form
    onSubmit={undefined}
  >
    <div
      className="MuiCardHeader-root-1"
    >
      <div
        className="MuiCardHeader-content-4"
      >
        <span
          className="MuiTypography-root-7 MuiTypography-headline-12 MuiCardHeader-title-5"
        >
          foo
        </span>
      </div>
    </div>
    <div
      label="E-mail"
      name="email"
      type="email"
      validate={
        Array [
          [Function],
          [Function],
        ]
      }
    >
      Field
    </div>
    <div>
      Error
    </div>
    <button
      className="MuiButtonBase-root-47 MuiButton-root-31 MuiButton-raised-37 MuiButton-raisedPrimary-38"
      disabled={false}
      onBlur={[Function]}
      onFocus={[Function]}
      onKeyDown={[Function]}
      onKeyUp={[Function]}
      onMouseDown={[Function]}
      onMouseLeave={[Function]}
      onMouseUp={[Function]}
      onTouchEnd={[Function]}
      onTouchMove={[Function]}
      onTouchStart={[Function]}
      style={
        Object {
          "marginTop": "20px",
          "width": "100%",
        }
      }
      tabIndex="0"
      type="submit"
    >
      <span
        className="MuiButton-label-32"
      >
        Enviar
      </span>
      <span
        className="MuiTouchRipple-root-50"
      />
    </button>
  </form>
</div>
`;

exports[`with error renders correctly 1`] = `
<div>
  <form
    onSubmit={undefined}
  >
    <div
      className="MuiCardHeader-root-1"
    >
      <div
        className="MuiCardHeader-content-4"
      >
        <span
          className="MuiTypography-root-7 MuiTypography-headline-12 MuiCardHeader-title-5"
        >
          foo
        </span>
      </div>
    </div>
    <div
      label="E-mail"
      name="email"
      type="email"
      validate={
        Array [
          [Function],
          [Function],
        ]
      }
    >
      Field
    </div>
    <div>
      Error
    </div>
    <button
      className="MuiButtonBase-root-47 MuiButton-root-31 MuiButton-raised-37 MuiButton-raisedPrimary-38"
      disabled={false}
      onBlur={[Function]}
      onFocus={[Function]}
      onKeyDown={[Function]}
      onKeyUp={[Function]}
      onMouseDown={[Function]}
      onMouseLeave={[Function]}
      onMouseUp={[Function]}
      onTouchEnd={[Function]}
      onTouchMove={[Function]}
      onTouchStart={[Function]}
      style={
        Object {
          "marginTop": "20px",
          "width": "100%",
        }
      }
      tabIndex="0"
      type="submit"
    >
      <span
        className="MuiButton-label-32"
      >
        Enviar
      </span>
      <span
        className="MuiTouchRipple-root-50"
      />
    </button>
  </form>
</div>
`;
