// Jest Snapshot v1, https://goo.gl/fbAQLP

exports[`renders correctly 1`] = `
<div
  className="navbar-link"
  style={
    Object {
      "color": "black",
      "textDecoration": "none",
    }
  }
  to="/foo"
>
  Link - 
  <h3
    className="MuiTypography-root-1 MuiTypography-subheading-8 MuiTypography-colorInherit-20"
    style={
      Object {
        "alignSelf": "center",
        "display": "inline-block",
      }
    }
  >
    foo bar
  </h3>
</div>
`;
