// Jest Snapshot v1, https://goo.gl/fbAQLP

exports[`renders correctly 1`] = `
<div
  className="navbar-link"
  style={
    Object {
      "color": "black",
      "textDecoration": "none",
    }
  }
  target="_self"
  to="/foo"
>
  Link - 
  <h6
    className="MuiTypography-root-1 MuiTypography-subtitle1-19 MuiTypography-colorInherit-30"
    style={
      Object {
        "alignSelf": "center",
        "display": "inline-block",
      }
    }
  >
    foo bar
  </h6>
</div>
`;
