// Jest Snapshot v1, https://goo.gl/fbAQLP

exports[`renders correctly 1`] = `
<div
  className="MuiGrid-container-1 MuiGrid-spacing-xs-32-25"
>
  <div
    className="MuiGrid-item-2 MuiGrid-grid-xs-12-39 MuiGrid-grid-lg-4-70"
  >
    <div
      editable="/profile/avatar"
      imageUrl={undefined}
      name="foo-name foo-last"
    >
      Avatar
    </div>
    <div
      style={
        Object {
          "marginTop": 30,
        }
      }
    >
      <h1
        className="MuiTypography-root-92 MuiTypography-display1-96"
      >
        foo-name foo-last
      </h1>
      <div
        to="/profile/edit"
      >
        <h3
          className="MuiTypography-root-92 MuiTypography-subheading-99"
        >
          Editar perfil
        </h3>
      </div>
      <div
        style={
          Object {
            "marginTop": 32,
          }
        }
        title="Email"
        value={undefined}
      >
        PropertyWithValue
      </div>
      <div
        style={
          Object {
            "marginTop": 16,
          }
        }
        title="Website"
        value={undefined}
      >
        PropertyWithValue
      </div>
    </div>
  </div>
  <div
    className="MuiGrid-item-2 MuiGrid-grid-xs-12-39 MuiGrid-grid-lg-8-74"
  >
    <div
      className="MuiPaper-root-117 MuiPaper-elevation2-121 MuiPaper-rounded-118 MuiCard-root-116"
    >
      <div
        className="MuiCardContent-root-144"
      >
        <div
          style={
            Object {
              "marginTop": 16,
            }
          }
          title="Bio"
          value={undefined}
        >
          PropertyWithValue
        </div>
        <div
          style={
            Object {
              "marginTop": 16,
            }
          }
          title="Organização"
          value={undefined}
        >
          PropertyWithValue
        </div>
        <div
          style={
            Object {
              "marginTop": 16,
            }
          }
          title="Cargo"
          value={undefined}
        >
          PropertyWithValue
        </div>
        <div
          style={
            Object {
              "marginTop": 16,
            }
          }
          title="Cidade"
          value={undefined}
        >
          PropertyWithValue
        </div>
        <div
          style={
            Object {
              "marginTop": 16,
            }
          }
          title="Estado"
          value={undefined}
        >
          PropertyWithValue
        </div>
        <div
          style={
            Object {
              "marginTop": 16,
            }
          }
          title="País"
          value={undefined}
        >
          PropertyWithValue
        </div>
      </div>
    </div>
  </div>
  <div
    className="MuiGrid-item-2 MuiGrid-grid-xs-12-39"
  >
    <div
      showDestroy={true}
    >
      Album
    </div>
  </div>
</div>
`;
