// Jest Snapshot v1, https://goo.gl/fbAQLP

exports[`renders correctly 1`] = `
Array [
  <div
    isInstitutionalPage={true}
>
    NavBar
</div>,
  <div
    className="MuiGrid-container-1"
    style={
        Object {
            "backgroundImage": "url(\\"https://images.pexels.com/photos/1227648/pexels-photo-1227648.jpeg?auto=compress&cs=tinysrgb&dpr=2&h=750&w=1260\\")",
            "backgroundPosition": "center",
            "backgroundSize": "cover",
            "paddingTop": "35px",
          }
    }
>
    <div
        className="MuiGrid-item-2 MuiGrid-grid-xs-12-41 Component-grid-98"
        style={
            Object {
                "paddingTop": "5%",
                "position": "relative",
              }
        }
    >
        <h3
            className="MuiTypography-root-99 MuiTypography-h3-113 MuiTypography-colorInherit-128"
            style={
                Object {
                    "color": "#fff",
                    "display": "inline-block",
                    "fontWeight": 500,
                    "verticalAlign": "middle",
                  }
            }
        >
            Objetivo
        </h3>
    </div>
    <div
        className="MuiGrid-item-2 MuiGrid-grid-xs-12-41 MuiGrid-grid-sm-8-51 MuiGrid-grid-md-6-63 Component-grid-134"
    >
        <h5
            className="MuiTypography-root-99 MuiTypography-h5-115 MuiTypography-colorInherit-128"
            style={
                Object {
                    "color": "#fff",
                    "display": "inline-block",
                    "fontWeight": 300,
                    "verticalAlign": "middle",
                  }
            }
        >
            O objetivo da MateriaMundi oferecer acesso à informação de qualidade e parâmetros para que seus usuários possam escolher alternativas comercialmente disponíveis e socioambiental responsáveis para os desafios do dia a dia, variando desde o que vestimos até como construímos nossas casas.
            <br />
            Através da criação de uma comunidade ativa a plataforma permite a criação de conhecimento compartilhado sobre ações práticas para uma forma de projetar, produzir e consumir mais responsável com a sociedade e o meio ambiente.
        </h5>
    </div>
</div>,
  <div
    className="MuiGrid-container-1"
    style={
        Object {
            "backgroundImage": "url(\\"https://images.pexels.com/photos/1227648/pexels-photo-1227648.jpeg?auto=compress&cs=tinysrgb&dpr=2&h=750&w=1260\\")",
            "backgroundPosition": "center",
            "backgroundSize": "cover",
            "paddingTop": "35px",
          }
    }
>
    <div
        className="MuiGrid-item-2 MuiGrid-grid-xs-12-41 Component-grid-98"
        style={
            Object {
                "paddingTop": "5%",
                "position": "relative",
              }
        }
    >
        <h3
            className="MuiTypography-root-99 MuiTypography-h3-113 MuiTypography-colorInherit-128"
            style={
                Object {
                    "color": "#fff",
                    "display": "inline-block",
                    "fontWeight": 500,
                    "verticalAlign": "middle",
                  }
            }
        >
            Como usar
        </h3>
    </div>
    <div
        className="MuiGrid-item-2 MuiGrid-grid-xs-12-41 MuiGrid-grid-sm-8-51 MuiGrid-grid-md-6-63 Component-grid-135"
        style={
            Object {
                "paddingTop": "35%",
                "position": "relative",
              }
        }
    >
        <iframe
            allowFullScreen="true"
            frameBorder="0"
            height="100%"
            mozallowfullscreen="true"
            src="https://player.vimeo.com/video/140946149"
            style={
                Object {
                    "border": 0,
                    "height": "100%",
                    "left": 0,
                    "maxHeight": "540",
                    "maxWidth": "960",
                    "position": "absolute",
                    "top": 0,
                    "width": "100%",
                  }
            }
            title="Vídeo de introdução ao Materia Brasil"
            webkitallowfullscreen="true"
            width="100%"
        />
    </div>
    <div
        className="MuiGrid-item-2 MuiGrid-grid-xs-12-41 Component-grid-136"
    >
        <img
            alt=""
            src="https://images.template.net/wp-content/uploads/2016/03/17133511/Vector-Infographic-Report-Template-Premium-Download.jpg"
            style={
                Object {
                    "maxWidth": "100%",
                    "padding": "3%",
                  }
            }
        />
    </div>
</div>,
  <div
    className="MuiGrid-container-1"
    style={
        Object {
            "backgroundImage": "url(\\"https://images.pexels.com/photos/1227648/pexels-photo-1227648.jpeg?auto=compress&cs=tinysrgb&dpr=2&h=750&w=1260\\")",
            "backgroundPosition": "center",
            "backgroundSize": "cover",
            "paddingTop": "35px",
          }
    }
>
    <div
        className="MuiGrid-item-2 MuiGrid-grid-xs-12-41 Component-grid-98"
        style={
            Object {
                "paddingTop": "5%",
                "position": "relative",
              }
        }
    >
        <h3
            className="MuiTypography-root-99 MuiTypography-h3-113 MuiTypography-colorInherit-128"
            style={
                Object {
                    "color": "#fff",
                    "display": "inline-block",
                    "fontWeight": 500,
                    "verticalAlign": "middle",
                  }
            }
        >
            Equipe
        </h3>
    </div>
    <div
        className="MuiGrid-item-2 MuiGrid-grid-xs-12-41 MuiGrid-grid-sm-6-49 MuiGrid-grid-md-4-61 MuiGrid-grid-lg-3-74"
        style={
            Object {
                "padding": 20,
              }
        }
    >
        <div
            className="MuiAvatar-root-137"
            style={
                Object {
                    "display": "block",
                    "height": 200,
                    "margin": "10px auto",
                    "maxWidth": "100%",
                    "width": 200,
                  }
            }
        >
            <img
                alt="Manuela Yamada - foto"
                className="MuiAvatar-img-139"
                sizes={undefined}
                src="https://via.placeholder.com/200x200"
                srcSet={undefined}
            />
        </div>
        <p
            className="MuiTypography-root-99 MuiTypography-body1-108"
            style={
                Object {
                    "color": "white",
                    "fontWeight": 500,
                    "textAlign": "center",
                  }
            }
        >
            Manuela Yamada
        </p>
        <p
            className="MuiTypography-root-99 MuiTypography-body1-108"
            style={
                Object {
                    "color": "white",
                    "margin": "10px 0",
                    "textAlign": "center",
                  }
            }
        >
            Job do integrante
        </p>
        <p
            className="MuiTypography-root-99 MuiTypography-body1-108"
            style={
                Object {
                    "color": "white",
                    "textAlign": "center",
                  }
            }
        >
            Lorem ipsum dolor sit amet, consectetur adipiscing elit. Curabitur in congue dui. Vestibulum ante ipsum primis in faucibus orci luctus et ultrices posuere cubilia Curae; In hac habitasse platea dictumst.
        </p>
    </div>
    <div
        className="MuiGrid-item-2 MuiGrid-grid-xs-12-41 MuiGrid-grid-sm-6-49 MuiGrid-grid-md-4-61 MuiGrid-grid-lg-3-74"
        style={
            Object {
                "padding": 20,
              }
        }
    >
        <div
            className="MuiAvatar-root-137"
            style={
                Object {
                    "display": "block",
                    "height": 200,
                    "margin": "10px auto",
                    "maxWidth": "100%",
                    "width": 200,
                  }
            }
        >
            <img
                alt="Bernardo Ferracioli - foto"
                className="MuiAvatar-img-139"
                sizes={undefined}
                src="https://via.placeholder.com/200x200"
                srcSet={undefined}
            />
        </div>
        <p
            className="MuiTypography-root-99 MuiTypography-body1-108"
            style={
                Object {
                    "color": "white",
                    "fontWeight": 500,
                    "textAlign": "center",
                  }
            }
        >
            Bernardo Ferracioli
        </p>
        <p
            className="MuiTypography-root-99 MuiTypography-body1-108"
            style={
                Object {
                    "color": "white",
                    "margin": "10px 0",
                    "textAlign": "center",
                  }
            }
        >
            Job do integrante
        </p>
        <p
            className="MuiTypography-root-99 MuiTypography-body1-108"
            style={
                Object {
                    "color": "white",
                    "textAlign": "center",
                  }
            }
        >
            Lorem ipsum dolor sit amet, consectetur adipiscing elit. Curabitur in congue dui. Vestibulum ante ipsum primis in faucibus orci luctus et ultrices posuere cubilia Curae; In hac habitasse platea dictumst.
        </p>
    </div>
    <div
        className="MuiGrid-item-2 MuiGrid-grid-xs-12-41 MuiGrid-grid-sm-6-49 MuiGrid-grid-md-4-61 MuiGrid-grid-lg-3-74"
        style={
            Object {
                "padding": 20,
              }
        }
    >
        <div
            className="MuiAvatar-root-137"
            style={
                Object {
                    "display": "block",
                    "height": 200,
                    "margin": "10px auto",
                    "maxWidth": "100%",
                    "width": 200,
                  }
            }
        >
            <img
                alt="Bruno Temer - foto"
                className="MuiAvatar-img-139"
                sizes={undefined}
                src="https://via.placeholder.com/200x200"
                srcSet={undefined}
            />
        </div>
        <p
            className="MuiTypography-root-99 MuiTypography-body1-108"
            style={
                Object {
                    "color": "white",
                    "fontWeight": 500,
                    "textAlign": "center",
                  }
            }
        >
            Bruno Temer
        </p>
        <p
            className="MuiTypography-root-99 MuiTypography-body1-108"
            style={
                Object {
                    "color": "white",
                    "margin": "10px 0",
                    "textAlign": "center",
                  }
            }
        >
            Job do integrante
        </p>
        <p
            className="MuiTypography-root-99 MuiTypography-body1-108"
            style={
                Object {
                    "color": "white",
                    "textAlign": "center",
                  }
            }
        >
            Lorem ipsum dolor sit amet, consectetur adipiscing elit. Curabitur in congue dui. Vestibulum ante ipsum primis in faucibus orci luctus et ultrices posuere cubilia Curae; In hac habitasse platea dictumst.
        </p>
    </div>
    <div
        className="MuiGrid-item-2 MuiGrid-grid-xs-12-41 MuiGrid-grid-sm-6-49 MuiGrid-grid-md-4-61 MuiGrid-grid-lg-3-74"
        style={
            Object {
                "padding": 20,
              }
        }
    >
        <div
            className="MuiAvatar-root-137"
            style={
                Object {
                    "display": "block",
                    "height": 200,
                    "margin": "10px auto",
                    "maxWidth": "100%",
                    "width": 200,
                  }
            }
        >
            <img
                alt="Pedro Themoteo - foto"
                className="MuiAvatar-img-139"
                sizes={undefined}
                src="https://via.placeholder.com/200x200"
                srcSet={undefined}
            />
        </div>
        <p
            className="MuiTypography-root-99 MuiTypography-body1-108"
            style={
                Object {
                    "color": "white",
                    "fontWeight": 500,
                    "textAlign": "center",
                  }
            }
        >
            Pedro Themoteo
        </p>
        <p
            className="MuiTypography-root-99 MuiTypography-body1-108"
            style={
                Object {
                    "color": "white",
                    "margin": "10px 0",
                    "textAlign": "center",
                  }
            }
        >
            Job do integrante
        </p>
        <p
            className="MuiTypography-root-99 MuiTypography-body1-108"
            style={
                Object {
                    "color": "white",
                    "textAlign": "center",
                  }
            }
        >
            Lorem ipsum dolor sit amet, consectetur adipiscing elit. Curabitur in congue dui. Vestibulum ante ipsum primis in faucibus orci luctus et ultrices posuere cubilia Curae; In hac habitasse platea dictumst.
        </p>
    </div>
    <div
        className="MuiGrid-item-2 MuiGrid-grid-xs-12-41 MuiGrid-grid-sm-6-49 MuiGrid-grid-md-4-61 MuiGrid-grid-lg-3-74"
        style={
            Object {
                "padding": 20,
              }
        }
    >
        <div
            className="MuiAvatar-root-137"
            style={
                Object {
                    "display": "block",
                    "height": 200,
                    "margin": "10px auto",
                    "maxWidth": "100%",
                    "width": 200,
                  }
            }
        >
            <img
                alt="Daniele Valente - foto"
                className="MuiAvatar-img-139"
                sizes={undefined}
                src="https://via.placeholder.com/200x200"
                srcSet={undefined}
            />
        </div>
        <p
            className="MuiTypography-root-99 MuiTypography-body1-108"
            style={
                Object {
                    "color": "white",
                    "fontWeight": 500,
                    "textAlign": "center",
                  }
            }
        >
            Daniele Valente
        </p>
        <p
            className="MuiTypography-root-99 MuiTypography-body1-108"
            style={
                Object {
                    "color": "white",
                    "margin": "10px 0",
                    "textAlign": "center",
                  }
            }
        >
            Job do integrante
        </p>
        <p
            className="MuiTypography-root-99 MuiTypography-body1-108"
            style={
                Object {
                    "color": "white",
                    "textAlign": "center",
                  }
            }
        >
            Lorem ipsum dolor sit amet, consectetur adipiscing elit. Curabitur in congue dui. Vestibulum ante ipsum primis in faucibus orci luctus et ultrices posuere cubilia Curae; In hac habitasse platea dictumst.
        </p>
    </div>
    <div
        className="MuiGrid-item-2 MuiGrid-grid-xs-12-41 MuiGrid-grid-sm-6-49 MuiGrid-grid-md-4-61 MuiGrid-grid-lg-3-74"
        style={
            Object {
                "padding": 20,
              }
        }
    >
        <div
            className="MuiAvatar-root-137"
            style={
                Object {
                    "display": "block",
                    "height": 200,
                    "margin": "10px auto",
                    "maxWidth": "100%",
                    "width": 200,
                  }
            }
        >
            <img
                alt="Elisa Ferreira - foto"
                className="MuiAvatar-img-139"
                sizes={undefined}
                src="https://via.placeholder.com/200x200"
                srcSet={undefined}
            />
        </div>
        <p
            className="MuiTypography-root-99 MuiTypography-body1-108"
            style={
                Object {
                    "color": "white",
                    "fontWeight": 500,
                    "textAlign": "center",
                  }
            }
        >
            Elisa Ferreira
        </p>
        <p
            className="MuiTypography-root-99 MuiTypography-body1-108"
            style={
                Object {
                    "color": "white",
                    "margin": "10px 0",
                    "textAlign": "center",
                  }
            }
        >
            Job do integrante
        </p>
        <p
            className="MuiTypography-root-99 MuiTypography-body1-108"
            style={
                Object {
                    "color": "white",
                    "textAlign": "center",
                  }
            }
        >
            Lorem ipsum dolor sit amet, consectetur adipiscing elit. Curabitur in congue dui. Vestibulum ante ipsum primis in faucibus orci luctus et ultrices posuere cubilia Curae; In hac habitasse platea dictumst.
        </p>
    </div>
    <div
        className="MuiGrid-item-2 MuiGrid-grid-xs-12-41 MuiGrid-grid-sm-6-49 MuiGrid-grid-md-4-61 MuiGrid-grid-lg-3-74"
        style={
            Object {
                "padding": 20,
              }
        }
    >
        <div
            className="MuiAvatar-root-137"
            style={
                Object {
                    "display": "block",
                    "height": 200,
                    "margin": "10px auto",
                    "maxWidth": "100%",
                    "width": 200,
                  }
            }
        >
            <img
                alt="Victor Lanari - foto"
                className="MuiAvatar-img-139"
                sizes={undefined}
                src="https://via.placeholder.com/200x200"
                srcSet={undefined}
            />
        </div>
        <p
            className="MuiTypography-root-99 MuiTypography-body1-108"
            style={
                Object {
                    "color": "white",
                    "fontWeight": 500,
                    "textAlign": "center",
                  }
            }
        >
            Victor Lanari
        </p>
        <p
            className="MuiTypography-root-99 MuiTypography-body1-108"
            style={
                Object {
                    "color": "white",
                    "margin": "10px 0",
                    "textAlign": "center",
                  }
            }
        >
            Job do integrante
        </p>
        <p
            className="MuiTypography-root-99 MuiTypography-body1-108"
            style={
                Object {
                    "color": "white",
                    "textAlign": "center",
                  }
            }
        >
            Lorem ipsum dolor sit amet, consectetur adipiscing elit. Curabitur in congue dui. Vestibulum ante ipsum primis in faucibus orci luctus et ultrices posuere cubilia Curae; In hac habitasse platea dictumst.
        </p>
    </div>
    <div
        className="MuiGrid-item-2 MuiGrid-grid-xs-12-41 MuiGrid-grid-sm-6-49 MuiGrid-grid-md-4-61 MuiGrid-grid-lg-3-74"
        style={
            Object {
                "padding": 20,
              }
        }
    >
        <div
            className="MuiAvatar-root-137"
            style={
                Object {
                    "display": "block",
                    "height": 200,
                    "margin": "10px auto",
                    "maxWidth": "100%",
                    "width": 200,
                  }
            }
        >
            <img
                alt="Dahyna Ribeiro - foto"
                className="MuiAvatar-img-139"
                sizes={undefined}
                src="https://via.placeholder.com/200x200"
                srcSet={undefined}
            />
        </div>
        <p
            className="MuiTypography-root-99 MuiTypography-body1-108"
            style={
                Object {
                    "color": "white",
                    "fontWeight": 500,
                    "textAlign": "center",
                  }
            }
        >
            Dahyna Ribeiro
        </p>
        <p
            className="MuiTypography-root-99 MuiTypography-body1-108"
            style={
                Object {
                    "color": "white",
                    "margin": "10px 0",
                    "textAlign": "center",
                  }
            }
        >
            Job do integrante
        </p>
        <p
            className="MuiTypography-root-99 MuiTypography-body1-108"
            style={
                Object {
                    "color": "white",
                    "textAlign": "center",
                  }
            }
        >
            Lorem ipsum dolor sit amet, consectetur adipiscing elit. Curabitur in congue dui. Vestibulum ante ipsum primis in faucibus orci luctus et ultrices posuere cubilia Curae; In hac habitasse platea dictumst.
        </p>
    </div>
    <div
        className="MuiGrid-item-2 MuiGrid-grid-xs-12-41 MuiGrid-grid-sm-6-49 MuiGrid-grid-md-4-61 MuiGrid-grid-lg-3-74"
        style={
            Object {
                "padding": 20,
              }
        }
    >
        <div
            className="MuiAvatar-root-137"
            style={
                Object {
                    "display": "block",
                    "height": 200,
                    "margin": "10px auto",
                    "maxWidth": "100%",
                    "width": 200,
                  }
            }
        >
            <img
                alt="Bernardo Mattos - foto"
                className="MuiAvatar-img-139"
                sizes={undefined}
                src="https://via.placeholder.com/200x200"
                srcSet={undefined}
            />
        </div>
        <p
            className="MuiTypography-root-99 MuiTypography-body1-108"
            style={
                Object {
                    "color": "white",
                    "fontWeight": 500,
                    "textAlign": "center",
                  }
            }
        >
            Bernardo Mattos
        </p>
        <p
            className="MuiTypography-root-99 MuiTypography-body1-108"
            style={
                Object {
                    "color": "white",
                    "margin": "10px 0",
                    "textAlign": "center",
                  }
            }
        >
            Job do integrante
        </p>
        <p
            className="MuiTypography-root-99 MuiTypography-body1-108"
            style={
                Object {
                    "color": "white",
                    "textAlign": "center",
                  }
            }
        >
            Lorem ipsum dolor sit amet, consectetur adipiscing elit. Curabitur in congue dui. Vestibulum ante ipsum primis in faucibus orci luctus et ultrices posuere cubilia Curae; In hac habitasse platea dictumst.
        </p>
    </div>
    <div
        className="MuiGrid-item-2 MuiGrid-grid-xs-12-41 MuiGrid-grid-sm-6-49 MuiGrid-grid-md-4-61 MuiGrid-grid-lg-3-74"
        style={
            Object {
                "padding": 20,
              }
        }
    >
        <div
            className="MuiAvatar-root-137"
            style={
                Object {
                    "display": "block",
                    "height": 200,
                    "margin": "10px auto",
                    "maxWidth": "100%",
                    "width": 200,
                  }
            }
        >
            <img
                alt="Seasoned - foto"
                className="MuiAvatar-img-139"
                sizes={undefined}
                src="https://via.placeholder.com/200x200"
                srcSet={undefined}
            />
        </div>
        <p
            className="MuiTypography-root-99 MuiTypography-body1-108"
            style={
                Object {
                    "color": "white",
                    "fontWeight": 500,
                    "textAlign": "center",
                  }
            }
        >
            Seasoned
        </p>
        <p
            className="MuiTypography-root-99 MuiTypography-body1-108"
            style={
                Object {
                    "color": "white",
                    "margin": "10px 0",
                    "textAlign": "center",
                  }
            }
        >
            Job do integrante
        </p>
        <p
            className="MuiTypography-root-99 MuiTypography-body1-108"
            style={
                Object {
                    "color": "white",
                    "textAlign": "center",
                  }
            }
        >
            Lorem ipsum dolor sit amet, consectetur adipiscing elit. Curabitur in congue dui. Vestibulum ante ipsum primis in faucibus orci luctus et ultrices posuere cubilia Curae; In hac habitasse platea dictumst.
        </p>
    </div>
</div>,
  <div
    className="MuiGrid-container-1"
    style={
        Object {
            "backgroundImage": "url(\\"https://images.pexels.com/photos/1227648/pexels-photo-1227648.jpeg?auto=compress&cs=tinysrgb&dpr=2&h=750&w=1260\\")",
            "backgroundPosition": "center",
            "backgroundSize": "cover",
            "paddingTop": "35px",
          }
    }
>
    <div
        className="MuiGrid-item-2 MuiGrid-grid-xs-12-41 Component-grid-98"
        style={
            Object {
                "paddingTop": "5%",
                "position": "relative",
              }
        }
    >
        <h3
            className="MuiTypography-root-99 MuiTypography-h3-113 MuiTypography-colorInherit-128"
            style={
                Object {
                    "color": "#fff",
                    "display": "inline-block",
                    "fontWeight": 500,
                    "verticalAlign": "middle",
                  }
            }
        >
            Nosso board
        </h3>
    </div>
    <div
        className="MuiGrid-item-2 MuiGrid-grid-xs-12-41"
    >
        <div
            className="MuiGrid-item-2 MuiGrid-grid-xs-12-41 MuiGrid-grid-sm-8-51 MuiGrid-grid-md-6-63 Component-grid-134"
        >
            <h5
                className="MuiTypography-root-99 MuiTypography-h5-115 MuiTypography-colorInherit-128"
                style={
                    Object {
                        "color": "#fff",
                        "display": "inline-block",
                        "fontWeight": 300,
                        "verticalAlign": "middle",
                      }
                }
            >
                Sabemos que nada nesse mundo se faz sozinho! Por isso a MateriaMundi conta com um Conselho Consultivo que nos ajuda a ter integrar diferentes perspectivas e conhecimentos no projeto. Conheça os profissionais que doam o seu tempo de forma voluntária para fazer este sonho coletivo acontecer!
            </h5>
        </div>
    </div>
    <div
        className="MuiGrid-item-2 MuiGrid-grid-xs-12-41 MuiGrid-grid-sm-6-49 MuiGrid-grid-md-4-61 MuiGrid-grid-lg-3-74"
        style={
            Object {
                "padding": 20,
              }
        }
    >
        <div
            className="MuiAvatar-root-137"
            style={
                Object {
                    "display": "block",
                    "height": 200,
                    "margin": "10px auto",
                    "maxWidth": "100%",
                    "width": 200,
                  }
            }
        >
            <img
                alt="Margarida Lunetta - foto"
                className="MuiAvatar-img-139"
                sizes={undefined}
                src="https://lh6.googleusercontent.com/BBN6N20unckTJoeEFYB3qT93EbTlmprR0fi5WYNVTVUoZ-CtOiSUcttA5CIICRhKTOvUU1C4643nyw=w1920-h1008"
                srcSet={undefined}
            />
        </div>
        <p
            className="MuiTypography-root-99 MuiTypography-body1-108"
            style={
                Object {
                    "color": "white",
                    "fontWeight": 500,
                    "textAlign": "center",
                  }
            }
        >
            Margarida Lunetta
        </p>
        <p
            className="MuiTypography-root-99 MuiTypography-body1-108"
            style={
                Object {
                    "color": "white",
                    "margin": "10px 0",
                    "textAlign": "center",
                  }
            }
        >
            Gestora do programa Transformação Circular da Fundação C&A
        </p>
        <p
            className="MuiTypography-root-99 MuiTypography-body1-108"
            style={
                Object {
                    "color": "white",
                    "textAlign": "center",
                  }
            }
        />
    </div>
    <div
        className="MuiGrid-item-2 MuiGrid-grid-xs-12-41 MuiGrid-grid-sm-6-49 MuiGrid-grid-md-4-61 MuiGrid-grid-lg-3-74"
        style={
            Object {
                "padding": 20,
              }
        }
    >
        <div
            className="MuiAvatar-root-137"
            style={
                Object {
                    "display": "block",
                    "height": 200,
                    "margin": "10px auto",
                    "maxWidth": "100%",
                    "width": 200,
                  }
            }
        >
            <img
                alt="Arnoud Passenier - foto"
                className="MuiAvatar-img-139"
                sizes={undefined}
                src="https://lh6.googleusercontent.com/L49lKzovMGDESQh8OOvaZdBU--fC84U7AKHmtylrnnrYcK5Rp81X8mTJneY6zTSVXs9AI5F4L_WHvpU93RyW=w1920-h1008"
                srcSet={undefined}
            />
        </div>
        <p
            className="MuiTypography-root-99 MuiTypography-body1-108"
            style={
                Object {
                    "color": "white",
                    "fontWeight": 500,
                    "textAlign": "center",
                  }
            }
        >
            Arnoud Passenier
        </p>
        <p
            className="MuiTypography-root-99 MuiTypography-body1-108"
            style={
                Object {
                    "color": "white",
                    "margin": "10px 0",
                    "textAlign": "center",
                  }
            }
        >
            Gestor Sênior do programa de Economia Circular do governo da Holanda
        </p>
        <p
            className="MuiTypography-root-99 MuiTypography-body1-108"
            style={
                Object {
                    "color": "white",
                    "textAlign": "center",
                  }
            }
        />
    </div>
    <div
        className="MuiGrid-item-2 MuiGrid-grid-xs-12-41 MuiGrid-grid-sm-6-49 MuiGrid-grid-md-4-61 MuiGrid-grid-lg-3-74"
        style={
            Object {
                "padding": 20,
              }
        }
    >
        <div
            className="MuiAvatar-root-137"
            style={
                Object {
                    "display": "block",
                    "height": 200,
                    "margin": "10px auto",
                    "maxWidth": "100%",
                    "width": 200,
                  }
            }
        >
            <img
                alt="Luisa Santiago - foto"
                className="MuiAvatar-img-139"
                sizes={undefined}
                src="https://lh6.googleusercontent.com/LnSC7MuQGVmk9leH1mC0jHOuXidEQSVxALSpxNKqmAyzaL5ALHivY0w3e3tcGKBllKLMlDxx8JzEM7cxk1iE=w1920-h1008"
                srcSet={undefined}
            />
        </div>
        <p
            className="MuiTypography-root-99 MuiTypography-body1-108"
            style={
                Object {
                    "color": "white",
                    "fontWeight": 500,
                    "textAlign": "center",
                  }
            }
        >
            Luisa Santiago
        </p>
        <p
            className="MuiTypography-root-99 MuiTypography-body1-108"
            style={
                Object {
                    "color": "white",
                    "margin": "10px 0",
                    "textAlign": "center",
                  }
            }
        >
            Diretora Executiva Ellen MacArthur Foundation Brasil
        </p>
        <p
            className="MuiTypography-root-99 MuiTypography-body1-108"
            style={
                Object {
                    "color": "white",
                    "textAlign": "center",
                  }
            }
        />
    </div>
    <div
        className="MuiGrid-item-2 MuiGrid-grid-xs-12-41 MuiGrid-grid-sm-6-49 MuiGrid-grid-md-4-61 MuiGrid-grid-lg-3-74"
        style={
            Object {
                "padding": 20,
              }
        }
    >
        <div
            className="MuiAvatar-root-137"
            style={
                Object {
                    "display": "block",
                    "height": 200,
                    "margin": "10px auto",
                    "maxWidth": "100%",
                    "width": 200,
                  }
            }
        >
            <img
                alt="Tomás de Lara - foto"
                className="MuiAvatar-img-139"
                sizes={undefined}
                src="https://lh6.googleusercontent.com/hyBHnU0aZbM_nOyyBFjaidpbAFDDxhWqib21PZk2ryORM3LjoIOj58KXhD8Ro0R2XRCLHsxVDdT0LzbtdYP0=w1920-h1008"
                srcSet={undefined}
            />
        </div>
        <p
            className="MuiTypography-root-99 MuiTypography-body1-108"
            style={
                Object {
                    "color": "white",
                    "fontWeight": 500,
                    "textAlign": "center",
                  }
            }
        >
            Tomás de Lara
        </p>
        <p
            className="MuiTypography-root-99 MuiTypography-body1-108"
            style={
                Object {
                    "color": "white",
                    "margin": "10px 0",
                    "textAlign": "center",
                  }
            }
        >
            Lead Cidades + B Global Sistema B Brasil
        </p>
        <p
            className="MuiTypography-root-99 MuiTypography-body1-108"
            style={
                Object {
                    "color": "white",
                    "textAlign": "center",
                  }
            }
        />
    </div>
    <div
        className="MuiGrid-item-2 MuiGrid-grid-xs-12-41 MuiGrid-grid-sm-6-49 MuiGrid-grid-md-4-61 MuiGrid-grid-lg-3-74"
        style={
            Object {
                "padding": 20,
              }
        }
    >
        <div
            className="MuiAvatar-root-137"
            style={
                Object {
                    "display": "block",
                    "height": 200,
                    "margin": "10px auto",
                    "maxWidth": "100%",
                    "width": 200,
                  }
            }
        >
            <img
                alt="Taciana Abreu - foto"
                className="MuiAvatar-img-139"
                sizes={undefined}
                src="https://lh3.googleusercontent.com/jAnSyqgv1wLHPHXMUuikVjT26Up4wrPwVfrt-bmTBj6Q4BuZQyAfQWWx_r35LklfcE87Tmb4ZnoKElcm35sg=w1920-h1008"
                srcSet={undefined}
            />
        </div>
        <p
            className="MuiTypography-root-99 MuiTypography-body1-108"
            style={
                Object {
                    "color": "white",
                    "fontWeight": 500,
                    "textAlign": "center",
                  }
            }
        >
            Taciana Abreu
        </p>
        <p
            className="MuiTypography-root-99 MuiTypography-body1-108"
            style={
                Object {
                    "color": "white",
                    "margin": "10px 0",
                    "textAlign": "center",
                  }
            }
        >
            Articuladora Yunus Negócios Sociais Brasil e Head de Marketing Farm Rio
        </p>
        <p
            className="MuiTypography-root-99 MuiTypography-body1-108"
            style={
                Object {
                    "color": "white",
                    "textAlign": "center",
                  }
            }
        />
    </div>
</div>,
  <div
    className="MuiGrid-container-1"
    style={
        Object {
            "backgroundImage": "url(\\"https://images.pexels.com/photos/1227648/pexels-photo-1227648.jpeg?auto=compress&cs=tinysrgb&dpr=2&h=750&w=1260\\")",
            "backgroundPosition": "center",
            "backgroundSize": "cover",
            "paddingTop": "35px",
          }
    }
>
    <div
        className="MuiGrid-item-2 MuiGrid-grid-xs-12-41 Component-grid-98"
        style={
            Object {
                "paddingTop": "5%",
                "position": "relative",
              }
        }
    >
        <h3
            className="MuiTypography-root-99 MuiTypography-h3-113 MuiTypography-colorInherit-128"
            style={
                Object {
                    "color": "#fff",
                    "display": "inline-block",
                    "fontWeight": 500,
                    "verticalAlign": "middle",
                  }
            }
        >
            Direcionadores
        </h3>
    </div>
</div>,
]
`;
