// Jest Snapshot v1, https://goo.gl/fbAQLP

exports[`renders correctly 1`] = `
Array [
  <div
    isInstitutionalPage={true}
>
    NavBar
</div>,
  <div
    className="MuiGrid-container-1"
    style={
        Object {
            "backgroundImage": "url(\\"https://picsum.photos/g/1920/900/?random\\")",
            "backgroundPosition": "center",
            "backgroundSize": "cover",
            "paddingTop": "35px",
          }
    }
>
    <div
        className="MuiGrid-item-2 MuiGrid-grid-xs-12-39 Component-grid-92"
        style={
            Object {
                "paddingTop": "5%",
                "position": "relative",
              }
        }
    >
        <h1
            className="MuiTypography-root-93 MuiTypography-display2-96 MuiTypography-colorInherit-112 text"
            style={
                Object {
                    "color": "#fff",
                    "display": "inline-block",
                    "fontWeight": 500,
                    "marginBottom": 40,
                    "verticalAlign": "middle",
                  }
            }
        >
            Objetivo
        </h1>
    </div>
    <h1
        className="MuiTypography-root-93 MuiTypography-display2-96 MuiTypography-colorInherit-112 text"
        style={
            Object {
                "color": "#fff",
                "display": "inline-block",
                "fontWeight": 300,
                "verticalAlign": "middle",
              }
        }
    >
        O objetivo da MateriaMundi oferecer acesso à informação de qualidade e parâmetros para que seus usuários possam escolher alternativas comercialmente disponíveis e socioambiental responsáveis para os desafios do dia a dia, variando desde o que vestimos até como construímos nossas casas.
        <br />
        Através da criação de uma comunidade ativa a plataforma permite a criação de conhecimento compartilhado sobre ações práticas para uma forma de projetar, produzir e consumir mais responsável com a sociedade e o meio ambiente.
    </h1>
</div>,
  <div
    className="MuiGrid-container-1"
    style={
        Object {
            "backgroundImage": "url(\\"https://picsum.photos/g/1920/900/?random\\")",
            "backgroundPosition": "center",
            "backgroundSize": "cover",
            "paddingTop": "35px",
          }
    }
>
    <div
        className="MuiGrid-item-2 MuiGrid-grid-xs-12-39 Component-grid-117"
        style={
            Object {
                "paddingTop": "5%",
                "position": "relative",
              }
        }
    >
        <h1
            className="MuiTypography-root-93 MuiTypography-display2-96 MuiTypography-colorInherit-112 text"
            style={
                Object {
                    "color": "#fff",
                    "fontWeight": 500,
                    "position": "absolute",
                    "top": "8%",
                    "verticalAlign": "middle",
                    "width": "100%",
                  }
            }
        >
            Como usar
        </h1>
    </div>
    <div
        className="MuiGrid-item-2 MuiGrid-grid-xs-12-39 MuiGrid-grid-sm-8-48 MuiGrid-grid-md-6-59 Component-grid-117"
        style={
            Object {
                "paddingTop": "35%",
                "position": "relative",
              }
        }
    >
        <iframe
            allowFullScreen="true"
            frameBorder="0"
            height="100%"
            mozallowfullscreen="true"
            src="https://player.vimeo.com/video/140946149"
            style={
                Object {
                    "border": 0,
                    "height": "100%",
                    "left": 0,
                    "maxHeight": "540",
                    "maxWidth": "960",
                    "position": "absolute",
                    "top": 0,
                    "width": "100%",
                  }
            }
            title="Vídeo de introdução ao Materia Brasil"
            webkitallowfullscreen="true"
            width="100%"
        />
    </div>
    <div
        className="MuiGrid-item-2 MuiGrid-grid-xs-12-39 Component-grid-117"
    >
        <img
            alt="placeholder image"
            src="https://images.template.net/wp-content/uploads/2016/03/17133511/Vector-Infographic-Report-Template-Premium-Download.jpg"
            style={
                Object {
                    "maxWidth": "100%",
                    "padding": "3%",
                  }
            }
        />
    </div>
</div>,
  <div
    className="MuiGrid-container-1"
    style={
        Object {
            "backgroundImage": "url(\\"https://picsum.photos/g/1920/900/?random\\")",
            "backgroundPosition": "center",
            "backgroundSize": "cover",
            "paddingTop": "35px",
          }
    }
>
    <div
        className="MuiGrid-item-2 MuiGrid-grid-xs-12-39 Component-grid-92"
        style={
            Object {
                "paddingTop": "5%",
                "position": "relative",
              }
        }
    >
        <h1
            className="MuiTypography-root-93 MuiTypography-display2-96 MuiTypography-colorInherit-112 text"
            style={
                Object {
                    "color": "#fff",
                    "display": "inline-block",
                    "fontWeight": 500,
                    "marginBottom": 40,
                    "verticalAlign": "middle",
                  }
            }
        >
            Equipe
        </h1>
    </div>
    <div
        className="MuiGrid-item-2 MuiGrid-align-content-xs-center-13 MuiGrid-grid-xs-12-39 MuiGrid-grid-sm-6-46 MuiGrid-grid-md-4-57 MuiGrid-grid-lg-3-69"
        style={
            Object {
                "padding": 20,
              }
        }
    >
        <img
            alt="Crew Mmmber image"
            src="https://via.placeholder.com/150x200"
            style={
                Object {
                    "display": "block",
                    "margin": "0 auto",
                    "maxWidth": "100%",
                  }
            }
        />
        <p
            style={
                Object {
                    "color": "white",
                    "fontWeight": 500,
                    "textAlign": "center",
                  }
            }
        >
            Jhon Doe
        </p>
        <p
            style={
                Object {
                    "color": "white",
                    "textAlign": "center",
                  }
            }
        >
            Job do integrante
        </p>
        <p
            style={
                Object {
                    "color": "white",
                    "textAlign": "center",
                  }
            }
        >
            Lorem ipsum dolor sit amet, consectetur adipiscing elit. Curabitur in congue dui. Vestibulum ante ipsum primis in faucibus orci luctus et ultrices posuere cubilia Curae; In hac habitasse platea dictumst.
        </p>
    </div>
    <div
        className="MuiGrid-item-2 MuiGrid-align-content-xs-center-13 MuiGrid-grid-xs-12-39 MuiGrid-grid-sm-6-46 MuiGrid-grid-md-4-57 MuiGrid-grid-lg-3-69"
        style={
            Object {
                "padding": 20,
              }
        }
    >
        <img
            alt="Crew Mmmber image"
            src="https://via.placeholder.com/150x200"
            style={
                Object {
                    "display": "block",
                    "margin": "0 auto",
                    "maxWidth": "100%",
                  }
            }
        />
        <p
            style={
                Object {
                    "color": "white",
                    "fontWeight": 500,
                    "textAlign": "center",
                  }
            }
        >
            Jhon Doe
        </p>
        <p
            style={
                Object {
                    "color": "white",
                    "textAlign": "center",
                  }
            }
        >
            Job do integrante
        </p>
        <p
            style={
                Object {
                    "color": "white",
                    "textAlign": "center",
                  }
            }
        >
            Lorem ipsum dolor sit amet, consectetur adipiscing elit. Curabitur in congue dui. Vestibulum ante ipsum primis in faucibus orci luctus et ultrices posuere cubilia Curae; In hac habitasse platea dictumst.
        </p>
    </div>
    <div
        className="MuiGrid-item-2 MuiGrid-align-content-xs-center-13 MuiGrid-grid-xs-12-39 MuiGrid-grid-sm-6-46 MuiGrid-grid-md-4-57 MuiGrid-grid-lg-3-69"
        style={
            Object {
                "padding": 20,
              }
        }
    >
        <img
            alt="Crew Mmmber image"
            src="https://via.placeholder.com/150x200"
            style={
                Object {
                    "display": "block",
                    "margin": "0 auto",
                    "maxWidth": "100%",
                  }
            }
        />
        <p
            style={
                Object {
                    "color": "white",
                    "fontWeight": 500,
                    "textAlign": "center",
                  }
            }
        >
            Jhon Doe
        </p>
        <p
            style={
                Object {
                    "color": "white",
                    "textAlign": "center",
                  }
            }
        >
            Job do integrante
        </p>
        <p
            style={
                Object {
                    "color": "white",
                    "textAlign": "center",
                  }
            }
        >
            Lorem ipsum dolor sit amet, consectetur adipiscing elit. Curabitur in congue dui. Vestibulum ante ipsum primis in faucibus orci luctus et ultrices posuere cubilia Curae; In hac habitasse platea dictumst.
        </p>
    </div>
    <div
        className="MuiGrid-item-2 MuiGrid-align-content-xs-center-13 MuiGrid-grid-xs-12-39 MuiGrid-grid-sm-6-46 MuiGrid-grid-md-4-57 MuiGrid-grid-lg-3-69"
        style={
            Object {
                "padding": 20,
              }
        }
    >
        <img
            alt="Crew Mmmber image"
            src="https://via.placeholder.com/150x200"
            style={
                Object {
                    "display": "block",
                    "margin": "0 auto",
                    "maxWidth": "100%",
                  }
            }
        />
        <p
            style={
                Object {
                    "color": "white",
                    "fontWeight": 500,
                    "textAlign": "center",
                  }
            }
        >
            Jhon Doe
        </p>
        <p
            style={
                Object {
                    "color": "white",
                    "textAlign": "center",
                  }
            }
        >
            Job do integrante
        </p>
        <p
            style={
                Object {
                    "color": "white",
                    "textAlign": "center",
                  }
            }
        >
            Lorem ipsum dolor sit amet, consectetur adipiscing elit. Curabitur in congue dui. Vestibulum ante ipsum primis in faucibus orci luctus et ultrices posuere cubilia Curae; In hac habitasse platea dictumst.
        </p>
    </div>
    <div
        className="MuiGrid-item-2 MuiGrid-align-content-xs-center-13 MuiGrid-grid-xs-12-39 MuiGrid-grid-sm-6-46 MuiGrid-grid-md-4-57 MuiGrid-grid-lg-3-69"
        style={
            Object {
                "padding": 20,
              }
        }
    >
        <img
            alt="Crew Mmmber image"
            src="https://via.placeholder.com/150x200"
            style={
                Object {
                    "display": "block",
                    "margin": "0 auto",
                    "maxWidth": "100%",
                  }
            }
        />
        <p
            style={
                Object {
                    "color": "white",
                    "fontWeight": 500,
                    "textAlign": "center",
                  }
            }
        >
            Jhon Doe
        </p>
        <p
            style={
                Object {
                    "color": "white",
                    "textAlign": "center",
                  }
            }
        >
            Job do integrante
        </p>
        <p
            style={
                Object {
                    "color": "white",
                    "textAlign": "center",
                  }
            }
        >
            Lorem ipsum dolor sit amet, consectetur adipiscing elit. Curabitur in congue dui. Vestibulum ante ipsum primis in faucibus orci luctus et ultrices posuere cubilia Curae; In hac habitasse platea dictumst.
        </p>
    </div>
    <div
        className="MuiGrid-item-2 MuiGrid-align-content-xs-center-13 MuiGrid-grid-xs-12-39 MuiGrid-grid-sm-6-46 MuiGrid-grid-md-4-57 MuiGrid-grid-lg-3-69"
        style={
            Object {
                "padding": 20,
              }
        }
    >
        <img
            alt="Crew Mmmber image"
            src="https://via.placeholder.com/150x200"
            style={
                Object {
                    "display": "block",
                    "margin": "0 auto",
                    "maxWidth": "100%",
                  }
            }
        />
        <p
            style={
                Object {
                    "color": "white",
                    "fontWeight": 500,
                    "textAlign": "center",
                  }
            }
        >
            Jhon Doe
        </p>
        <p
            style={
                Object {
                    "color": "white",
                    "textAlign": "center",
                  }
            }
        >
            Job do integrante
        </p>
        <p
            style={
                Object {
                    "color": "white",
                    "textAlign": "center",
                  }
            }
        >
            Lorem ipsum dolor sit amet, consectetur adipiscing elit. Curabitur in congue dui. Vestibulum ante ipsum primis in faucibus orci luctus et ultrices posuere cubilia Curae; In hac habitasse platea dictumst.
        </p>
    </div>
    <div
        className="MuiGrid-item-2 MuiGrid-align-content-xs-center-13 MuiGrid-grid-xs-12-39 MuiGrid-grid-sm-6-46 MuiGrid-grid-md-4-57 MuiGrid-grid-lg-3-69"
        style={
            Object {
                "padding": 20,
              }
        }
    >
        <img
            alt="Crew Mmmber image"
            src="https://via.placeholder.com/150x200"
            style={
                Object {
                    "display": "block",
                    "margin": "0 auto",
                    "maxWidth": "100%",
                  }
            }
        />
        <p
            style={
                Object {
                    "color": "white",
                    "fontWeight": 500,
                    "textAlign": "center",
                  }
            }
        >
            Jhon Doe
        </p>
        <p
            style={
                Object {
                    "color": "white",
                    "textAlign": "center",
                  }
            }
        >
            Job do integrante
        </p>
        <p
            style={
                Object {
                    "color": "white",
                    "textAlign": "center",
                  }
            }
        >
            Lorem ipsum dolor sit amet, consectetur adipiscing elit. Curabitur in congue dui. Vestibulum ante ipsum primis in faucibus orci luctus et ultrices posuere cubilia Curae; In hac habitasse platea dictumst.
        </p>
    </div>
    <div
        className="MuiGrid-item-2 MuiGrid-align-content-xs-center-13 MuiGrid-grid-xs-12-39 MuiGrid-grid-sm-6-46 MuiGrid-grid-md-4-57 MuiGrid-grid-lg-3-69"
        style={
            Object {
                "padding": 20,
              }
        }
    >
        <img
            alt="Crew Mmmber image"
            src="https://via.placeholder.com/150x200"
            style={
                Object {
                    "display": "block",
                    "margin": "0 auto",
                    "maxWidth": "100%",
                  }
            }
        />
        <p
            style={
                Object {
                    "color": "white",
                    "fontWeight": 500,
                    "textAlign": "center",
                  }
            }
        >
            Jhon Doe
        </p>
        <p
            style={
                Object {
                    "color": "white",
                    "textAlign": "center",
                  }
            }
        >
            Job do integrante
        </p>
        <p
            style={
                Object {
                    "color": "white",
                    "textAlign": "center",
                  }
            }
        >
            Lorem ipsum dolor sit amet, consectetur adipiscing elit. Curabitur in congue dui. Vestibulum ante ipsum primis in faucibus orci luctus et ultrices posuere cubilia Curae; In hac habitasse platea dictumst.
        </p>
    </div>
</div>,
  <div
    className="MuiGrid-container-1"
    style={
        Object {
            "backgroundImage": "url(\\"https://picsum.photos/g/1920/900/?random\\")",
            "backgroundPosition": "center",
            "backgroundSize": "cover",
            "paddingTop": "35px",
          }
    }
>
    <div
        className="MuiGrid-item-2 MuiGrid-grid-xs-12-39 Component-grid-92"
        style={
            Object {
                "paddingTop": "5%",
                "position": "relative",
              }
        }
    >
        <h1
            className="MuiTypography-root-93 MuiTypography-display2-96 MuiTypography-colorInherit-112 text"
            style={
                Object {
                    "color": "#fff",
                    "display": "inline-block",
                    "fontWeight": 500,
                    "marginBottom": 40,
                    "verticalAlign": "middle",
                  }
            }
        >
            Board
        </h1>
    </div>
</div>,
  <div
    className="MuiGrid-container-1"
    style={
        Object {
            "backgroundImage": "url(\\"https://picsum.photos/g/1920/900/?random\\")",
            "backgroundPosition": "center",
            "backgroundSize": "cover",
            "paddingTop": "35px",
          }
    }
>
    <div
        className="MuiGrid-item-2 MuiGrid-grid-xs-12-39 Component-grid-92"
        style={
            Object {
                "paddingTop": "5%",
                "position": "relative",
              }
        }
    >
        <h1
            className="MuiTypography-root-93 MuiTypography-display2-96 MuiTypography-colorInherit-112 text"
            style={
                Object {
                    "color": "#fff",
                    "display": "inline-block",
                    "fontWeight": 500,
                    "marginBottom": 40,
                    "verticalAlign": "middle",
                  }
            }
        >
            Direcionadores
        </h1>
    </div>
</div>,
]
`;
