// Jest Snapshot v1, https://goo.gl/fbAQLP

exports[`renders correctly 1`] = `
<form
  onSubmit={[Function]}
>
  <div
    className="MuiDialogContent-root-1"
  >
    <div
      label="Nome do material"
      name="name"
      type="text"
      validate={
        Array [
          [Function],
        ]
      }
    />
    <div
      label="Código"
      name="code"
      type="text"
      validate={
        Array [
          [Function],
        ]
      }
    />
    <div
      label="Preço médio"
      name="averagePrice"
      type="text"
      validate={
        Array [
          [Function],
        ]
      }
    />
    <div
      label="Descrição"
      multiline={true}
      name="description"
      type="text"
      validate={
        Array [
          [Function],
        ]
      }
    />
    <div
      label="Propriedades"
      multiline={true}
      name="properties"
      type="text"
      validate={
        Array [
          [Function],
        ]
      }
    />
    <div
      label="Onde pode ser usado"
      multiline={true}
      name="usage"
      type="text"
      validate={
        Array [
          [Function],
        ]
      }
    />
  </div>
  <div
    className="MuiDialogActions-root-2"
  >
    <div
      className="MuiDialogActions-action-3"
      style={
        Object {
          "textDecoration": "none",
        }
      }
      to="/undefined"
    >
      <button
        className="MuiButtonBase-root-20 MuiButton-root-4 MuiButton-flatPrimary-6"
        disabled={false}
        onBlur={[Function]}
        onFocus={[Function]}
        onKeyDown={[Function]}
        onKeyUp={[Function]}
        onMouseDown={[Function]}
        onMouseLeave={[Function]}
        onMouseUp={[Function]}
        onTouchEnd={[Function]}
        onTouchMove={[Function]}
        onTouchStart={[Function]}
        tabIndex="0"
        type="button"
      >
        <span
          className="MuiButton-label-5"
        >
          Fechar
        </span>
        <span
          className="MuiTouchRipple-root-23"
        />
      </button>
    </div>
    <button
      className="MuiButtonBase-root-20 MuiButton-root-4 MuiButton-flatPrimary-6 MuiDialogActions-action-3"
      disabled={false}
      onBlur={[Function]}
      onFocus={[Function]}
      onKeyDown={[Function]}
      onKeyUp={[Function]}
      onMouseDown={[Function]}
      onMouseLeave={[Function]}
      onMouseUp={[Function]}
      onTouchEnd={[Function]}
      onTouchMove={[Function]}
      onTouchStart={[Function]}
      tabIndex="0"
      type="submit"
    >
      <span
        className="MuiButton-label-5"
      >
        Enviar
      </span>
      <span
        className="MuiTouchRipple-root-23"
      />
    </button>
  </div>
</form>
`;

exports[`with error renders correctly 1`] = `
<form
  onSubmit={[Function]}
>
  <div
    className="MuiDialogContent-root-1"
  >
    <div
      label="Nome do material"
      name="name"
      type="text"
      validate={
        Array [
          [Function],
        ]
      }
    />
    <div
      label="Código"
      name="code"
      type="text"
      validate={
        Array [
          [Function],
        ]
      }
    />
    <div
      label="Preço médio"
      name="averagePrice"
      type="text"
      validate={
        Array [
          [Function],
        ]
      }
    />
    <div
      label="Descrição"
      multiline={true}
      name="description"
      type="text"
      validate={
        Array [
          [Function],
        ]
      }
    />
    <div
      label="Propriedades"
      multiline={true}
      name="properties"
      type="text"
      validate={
        Array [
          [Function],
        ]
      }
    />
    <div
      label="Onde pode ser usado"
      multiline={true}
      name="usage"
      type="text"
      validate={
        Array [
          [Function],
        ]
      }
    />
  </div>
  <div
    className="MuiDialogActions-root-2"
  >
    <div
      className="MuiDialogActions-action-3"
      style={
        Object {
          "textDecoration": "none",
        }
      }
      to="/undefined"
    >
      <button
        className="MuiButtonBase-root-20 MuiButton-root-4 MuiButton-flatPrimary-6"
        disabled={false}
        onBlur={[Function]}
        onFocus={[Function]}
        onKeyDown={[Function]}
        onKeyUp={[Function]}
        onMouseDown={[Function]}
        onMouseLeave={[Function]}
        onMouseUp={[Function]}
        onTouchEnd={[Function]}
        onTouchMove={[Function]}
        onTouchStart={[Function]}
        tabIndex="0"
        type="button"
      >
        <span
          className="MuiButton-label-5"
        >
          Fechar
        </span>
        <span
          className="MuiTouchRipple-root-23"
        />
      </button>
    </div>
    <button
      className="MuiButtonBase-root-20 MuiButton-root-4 MuiButton-flatPrimary-6 MuiDialogActions-action-3"
      disabled={false}
      onBlur={[Function]}
      onFocus={[Function]}
      onKeyDown={[Function]}
      onKeyUp={[Function]}
      onMouseDown={[Function]}
      onMouseLeave={[Function]}
      onMouseUp={[Function]}
      onTouchEnd={[Function]}
      onTouchMove={[Function]}
      onTouchStart={[Function]}
      tabIndex="0"
      type="submit"
    >
      <span
        className="MuiButton-label-5"
      >
        Enviar
      </span>
      <span
        className="MuiTouchRipple-root-23"
      />
    </button>
  </div>
</form>
`;
