// Jest Snapshot v1, https://goo.gl/fbAQLP

exports[`renders correctly 1`] = `
<div
  className="MuiGrid-container-1 MuiGrid-spacing-xs-24-24"
>
  <div
    className="MuiGrid-item-2 MuiGrid-grid-xs-12-39 MuiGrid-grid-sm-8-48 MuiGrid-grid-md-6-59"
    style={
      Object {
        "margin": "0 auto",
      }
    }
  >
    <form
      onSubmit={[Function]}
    >
      <div>
        <div
          aria-describedby="name-error-text"
          className="MuiFormControl-root-92 MuiFormControl-fullWidth-95"
          onBlur={[Function]}
          onFocus={[Function]}
        >
          <label
            className="MuiFormLabel-root-101 MuiInputLabel-root-96 MuiInputLabel-formControl-97 MuiInputLabel-animated-100"
            data-shrink={false}
            htmlFor="name-error"
          >
            Nome
          </label>
          <div
            className="MuiInput-root-106 MuiInput-formControl-107 MuiInput-underline-110"
            onDragStart={[Function]}
            onDrop={[Function]}
          >
            <input
              aria-invalid={false}
              aria-required={false}
              autoComplete={undefined}
              autoFocus={undefined}
              className="MuiInput-input-114"
              defaultValue={undefined}
              disabled={false}
              id={undefined}
              name="name"
              onBlur={[Function]}
              onChange={[Function]}
              onFocus={[Function]}
              onKeyDown={undefined}
              onKeyUp={undefined}
              placeholder={undefined}
              readOnly={undefined}
              required={undefined}
              rows={undefined}
              type="text"
              value=""
            />
          </div>
          <p
            className="MuiFormHelperText-root-119"
            id="name-error-text"
          />
        </div>
      </div>
      <div>
        <div
          aria-describedby="name-error-text"
          className="MuiFormControl-root-92 MuiFormControl-fullWidth-95"
          onBlur={[Function]}
          onFocus={[Function]}
        >
          <label
            className="MuiFormLabel-root-101 MuiInputLabel-root-96 MuiInputLabel-formControl-97 MuiInputLabel-animated-100"
            data-shrink={false}
            htmlFor="name-error"
          >
            Site
          </label>
          <div
            className="MuiInput-root-106 MuiInput-formControl-107 MuiInput-underline-110"
            onDragStart={[Function]}
            onDrop={[Function]}
          >
            <input
              aria-invalid={false}
              aria-required={false}
              autoComplete={undefined}
              autoFocus={undefined}
              className="MuiInput-input-114"
              defaultValue={undefined}
              disabled={false}
              id={undefined}
              name="website"
              onBlur={[Function]}
              onChange={[Function]}
              onFocus={[Function]}
              onKeyDown={undefined}
              onKeyUp={undefined}
              placeholder={undefined}
              readOnly={undefined}
              required={undefined}
              rows={undefined}
              type="text"
              value=""
            />
          </div>
          <p
            className="MuiFormHelperText-root-119"
            id="name-error-text"
          />
        </div>
      </div>
      <div>
        <div
          aria-describedby="name-error-text"
          className="MuiFormControl-root-92 MuiFormControl-fullWidth-95"
          onBlur={[Function]}
          onFocus={[Function]}
        >
          <label
            className="MuiFormLabel-root-101 MuiInputLabel-root-96 MuiInputLabel-formControl-97 MuiInputLabel-animated-100"
            data-shrink={false}
            htmlFor="name-error"
          >
            Descrição
          </label>
          <div
            className="MuiInput-root-106 MuiInput-formControl-107 MuiInput-multiline-112 MuiInput-underline-110"
            onDragStart={[Function]}
            onDrop={[Function]}
          >
            <div
              className="Textarea-root-123"
              style={
                Object {
                  "height": 19,
                }
              }
            >
              <textarea
                aria-hidden="true"
                className="Textarea-shadow-125 Textarea-textarea-124"
                readOnly={true}
                rows="1"
                tabIndex={-1}
                value=""
              />
              <textarea
                aria-hidden="true"
                className="Textarea-shadow-125 Textarea-textarea-124"
                defaultValue={undefined}
                readOnly={true}
                rows={1}
                tabIndex={-1}
                value=""
              />
              <textarea
                aria-invalid={false}
                aria-required={false}
                autoComplete={undefined}
                autoFocus={undefined}
                className="Textarea-textarea-124 MuiInput-input-114 MuiInput-inputMultiline-116"
                defaultValue={undefined}
                disabled={false}
                id={undefined}
                name="description"
                onBlur={[Function]}
                onChange={[Function]}
                onFocus={[Function]}
                onKeyDown={undefined}
                onKeyUp={undefined}
                placeholder={undefined}
                readOnly={undefined}
                required={undefined}
                rows={1}
                type="text"
                value=""
              />
            </div>
          </div>
          <p
            className="MuiFormHelperText-root-119"
            id="name-error-text"
          />
        </div>
      </div>
      <div>
        <div
          aria-describedby="name-error-text"
          className="MuiFormControl-root-92 MuiFormControl-fullWidth-95"
          onBlur={[Function]}
          onFocus={[Function]}
        >
          <label
            className="MuiFormLabel-root-101 MuiInputLabel-root-96 MuiInputLabel-formControl-97 MuiInputLabel-animated-100"
            data-shrink={false}
            htmlFor="name-error"
          >
            Email
          </label>
          <div
            className="MuiInput-root-106 MuiInput-formControl-107 MuiInput-underline-110"
            onDragStart={[Function]}
            onDrop={[Function]}
          >
            <input
              aria-invalid={false}
              aria-required={false}
              autoComplete={undefined}
              autoFocus={undefined}
              className="MuiInput-input-114 MuiInput-inputType-117"
              defaultValue={undefined}
              disabled={false}
              id={undefined}
              name="email"
              onBlur={[Function]}
              onChange={[Function]}
              onFocus={[Function]}
              onKeyDown={undefined}
              onKeyUp={undefined}
              placeholder={undefined}
              readOnly={undefined}
              required={undefined}
              rows={undefined}
              type="email"
              value=""
            />
          </div>
          <p
            className="MuiFormHelperText-root-119"
            id="name-error-text"
          />
        </div>
      </div>
      <div>
        <div
          aria-describedby="name-error-text"
          className="MuiFormControl-root-92 MuiFormControl-fullWidth-95"
          onBlur={[Function]}
          onFocus={[Function]}
        >
          <label
            className="MuiFormLabel-root-101 MuiInputLabel-root-96 MuiInputLabel-formControl-97 MuiInputLabel-animated-100"
            data-shrink={false}
            htmlFor="name-error"
          >
            CNPJ
          </label>
          <div
            className="MuiInput-root-106 MuiInput-formControl-107 MuiInput-underline-110"
            onDragStart={[Function]}
            onDrop={[Function]}
          >
            <input
              aria-invalid={false}
              aria-required={false}
              autoComplete={undefined}
              autoFocus={undefined}
              className="MuiInput-input-114"
              defaultValue={undefined}
              disabled={false}
              id={undefined}
              name="cnpj"
              onBlur={[Function]}
              onChange={[Function]}
              onFocus={[Function]}
              onKeyDown={undefined}
              onKeyUp={undefined}
              placeholder={undefined}
              readOnly={undefined}
              required={undefined}
              rows={undefined}
              type="text"
              value=""
            />
          </div>
          <p
            className="MuiFormHelperText-root-119"
            id="name-error-text"
          />
        </div>
      </div>
      <div>
        <div
          aria-describedby="name-error-text"
          className="MuiFormControl-root-92 MuiFormControl-fullWidth-95"
          onBlur={[Function]}
          onFocus={[Function]}
        >
          <label
            className="MuiFormLabel-root-101 MuiInputLabel-root-96 MuiInputLabel-formControl-97 MuiInputLabel-animated-100"
            data-shrink={false}
            htmlFor="name-error"
          >
            Razão Social
          </label>
          <div
            className="MuiInput-root-106 MuiInput-formControl-107 MuiInput-underline-110"
            onDragStart={[Function]}
            onDrop={[Function]}
          >
            <input
              aria-invalid={false}
              aria-required={false}
              autoComplete={undefined}
              autoFocus={undefined}
              className="MuiInput-input-114"
              defaultValue={undefined}
              disabled={false}
              id={undefined}
              name="company_name"
              onBlur={[Function]}
              onChange={[Function]}
              onFocus={[Function]}
              onKeyDown={undefined}
              onKeyUp={undefined}
              placeholder={undefined}
              readOnly={undefined}
              required={undefined}
              rows={undefined}
              type="text"
              value=""
            />
          </div>
          <p
            className="MuiFormHelperText-root-119"
            id="name-error-text"
          />
        </div>
      </div>
      <div>
        <div
          aria-describedby="name-error-text"
          className="MuiFormControl-root-92 MuiFormControl-fullWidth-95"
          onBlur={[Function]}
          onFocus={[Function]}
        >
          <label
            className="MuiFormLabel-root-101 MuiInputLabel-root-96 MuiInputLabel-formControl-97 MuiInputLabel-animated-100"
            data-shrink={false}
            htmlFor="name-error"
          >
            Inscrição municipal
          </label>
          <div
            className="MuiInput-root-106 MuiInput-formControl-107 MuiInput-underline-110"
            onDragStart={[Function]}
            onDrop={[Function]}
          >
            <input
              aria-invalid={false}
              aria-required={false}
              autoComplete={undefined}
              autoFocus={undefined}
              className="MuiInput-input-114"
              defaultValue={undefined}
              disabled={false}
              id={undefined}
              name="municipal_subscription"
              onBlur={[Function]}
              onChange={[Function]}
              onFocus={[Function]}
              onKeyDown={undefined}
              onKeyUp={undefined}
              placeholder={undefined}
              readOnly={undefined}
              required={undefined}
              rows={undefined}
              type="text"
              value=""
            />
          </div>
          <p
            className="MuiFormHelperText-root-119"
            id="name-error-text"
          />
        </div>
      </div>
      <div>
        <div
          aria-describedby="name-error-text"
          className="MuiFormControl-root-92 MuiFormControl-fullWidth-95"
          onBlur={[Function]}
          onFocus={[Function]}
        >
          <label
            className="MuiFormLabel-root-101 MuiInputLabel-root-96 MuiInputLabel-formControl-97 MuiInputLabel-animated-100"
            data-shrink={false}
            htmlFor="name-error"
          >
            Inscrição estadual
          </label>
          <div
            className="MuiInput-root-106 MuiInput-formControl-107 MuiInput-underline-110"
            onDragStart={[Function]}
            onDrop={[Function]}
          >
            <input
              aria-invalid={false}
              aria-required={false}
              autoComplete={undefined}
              autoFocus={undefined}
              className="MuiInput-input-114"
              defaultValue={undefined}
              disabled={false}
              id={undefined}
              name="state_subscription"
              onBlur={[Function]}
              onChange={[Function]}
              onFocus={[Function]}
              onKeyDown={undefined}
              onKeyUp={undefined}
              placeholder={undefined}
              readOnly={undefined}
              required={undefined}
              rows={undefined}
              type="text"
              value=""
            />
          </div>
          <p
            className="MuiFormHelperText-root-119"
            id="name-error-text"
          />
        </div>
      </div>
      <div>
        <div
          aria-describedby="name-error-text"
          className="MuiFormControl-root-92 MuiFormControl-fullWidth-95"
          onBlur={[Function]}
          onFocus={[Function]}
        >
          <label
            className="MuiFormLabel-root-101 MuiInputLabel-root-96 MuiInputLabel-formControl-97 MuiInputLabel-animated-100"
            data-shrink={false}
            htmlFor="name-error"
          >
            Telefone
          </label>
          <div
            className="MuiInput-root-106 MuiInput-formControl-107 MuiInput-underline-110"
            onDragStart={[Function]}
            onDrop={[Function]}
          >
            <input
              aria-invalid={false}
              aria-required={false}
              autoComplete={undefined}
              autoFocus={undefined}
              className="MuiInput-input-114 MuiInput-inputType-117"
              defaultValue={undefined}
              disabled={false}
              id={undefined}
              name="phone"
              onBlur={[Function]}
              onChange={[Function]}
              onFocus={[Function]}
              onKeyDown={undefined}
              onKeyUp={undefined}
              placeholder={undefined}
              readOnly={undefined}
              required={undefined}
              rows={undefined}
              type="phone"
              value=""
            />
          </div>
          <p
            className="MuiFormHelperText-root-119"
            id="name-error-text"
          />
        </div>
      </div>
      <div>
        <div
          aria-describedby="name-error-text"
          className="MuiFormControl-root-92 MuiFormControl-fullWidth-95"
          onBlur={[Function]}
          onFocus={[Function]}
        >
          <label
            className="MuiFormLabel-root-101 MuiInputLabel-root-96 MuiInputLabel-formControl-97 MuiInputLabel-animated-100"
            data-shrink={false}
            htmlFor="name-error"
          >
            Faturamento aproximado do último exercício
          </label>
          <div
            className="MuiInput-root-106 MuiInput-formControl-107 MuiInput-underline-110"
            onDragStart={[Function]}
            onDrop={[Function]}
          >
            <input
              aria-invalid={false}
              aria-required={false}
              autoComplete={undefined}
              autoFocus={undefined}
              className="MuiInput-input-114"
              defaultValue={undefined}
              disabled={false}
              id={undefined}
              name="company_revenue"
              onBlur={[Function]}
              onChange={[Function]}
              onFocus={[Function]}
              onKeyDown={undefined}
              onKeyUp={undefined}
              placeholder={undefined}
              readOnly={undefined}
              required={undefined}
              rows={undefined}
              type="text"
              value=""
            />
          </div>
          <p
            className="MuiFormHelperText-root-119"
            id="name-error-text"
          />
        </div>
      </div>
      <div>
        <div
          aria-describedby="name-error-text"
          className="MuiFormControl-root-92 MuiFormControl-fullWidth-95"
          onBlur={[Function]}
          onFocus={[Function]}
        >
          <label
            className="MuiFormLabel-root-101 MuiInputLabel-root-96 MuiInputLabel-formControl-97 MuiInputLabel-animated-100"
            data-shrink={false}
            htmlFor="name-error"
          >
            Quantidade de funcionários
          </label>
          <div
            className="MuiInput-root-106 MuiInput-formControl-107 MuiInput-underline-110"
            onDragStart={[Function]}
            onDrop={[Function]}
          >
            <input
              aria-invalid={false}
              aria-required={false}
              autoComplete={undefined}
              autoFocus={undefined}
              className="MuiInput-input-114 MuiInput-inputType-117"
              defaultValue={undefined}
              disabled={false}
              id={undefined}
              name="number_of_employees"
              onBlur={[Function]}
              onChange={[Function]}
              onFocus={[Function]}
              onKeyDown={undefined}
              onKeyUp={undefined}
              placeholder={undefined}
              readOnly={undefined}
              required={undefined}
              rows={undefined}
              type="number"
              value={undefined}
            />
          </div>
          <p
            className="MuiFormHelperText-root-119"
            id="name-error-text"
          />
        </div>
      </div>
      <div
        aria-describedby={undefined}
        className="MuiFormControl-root-92 MuiFormControl-fullWidth-95"
        meta={
          Object {
            "active": false,
            "asyncValidating": false,
            "autofilled": false,
            "dirty": false,
            "dispatch": [Function],
            "error": undefined,
            "form": "suppliers",
            "initial": undefined,
            "invalid": false,
            "pristine": true,
            "submitFailed": false,
            "submitting": false,
            "touched": false,
            "valid": true,
            "visited": false,
            "warning": undefined,
          }
        }
        onBlur={[Function]}
        onDragStart={[Function]}
        onDrop={[Function]}
        onFocus={[Function]}
      >
        <label
          className="MuiFormLabel-root-101 MuiInputLabel-root-96 MuiInputLabel-formControl-97 MuiInputLabel-animated-100"
          data-shrink={false}
          htmlFor={undefined}
        >
          Alcance
        </label>
        <div
          className="MuiInput-root-106 MuiInput-fullWidth-113 MuiInput-formControl-107 MuiInput-underline-110"
        >
          <div
            className="MuiSelect-root-126"
          >
            <div
              aria-haspopup="true"
              aria-owns={null}
              aria-pressed="false"
              className="MuiSelect-select-127 MuiSelect-selectMenu-128 MuiInput-input-114"
              onBlur={[Function]}
              onClick={[Function]}
              onFocus={[Function]}
              onKeyDown={[Function]}
              role="button"
              tabIndex={0}
            >
              <span
                dangerouslySetInnerHTML={
                  Object {
                    "__html": "&#8203",
                  }
                }
              />
            </div>
            <input
              aria-invalid={false}
              aria-required={false}
              autoComplete={undefined}
              autoFocus={undefined}
              defaultValue={undefined}
              id={undefined}
              name="reach"
              onKeyDown={undefined}
              onKeyUp={undefined}
              placeholder={undefined}
              readOnly={undefined}
              required={undefined}
              rows={undefined}
              type="hidden"
              value=""
            />
            <svg
              aria-hidden="true"
              className="MuiSvgIcon-root-131 MuiSelect-icon-130"
              color={undefined}
              focusable="false"
              viewBox="0 0 24 24"
            >
              <path
                d="M7 10l5 5 5-5z"
              />
            </svg>
          </div>
        </div>
      </div>
      <div
        style={
          Object {
            "marginTop": 30,
            "textAlign": "right",
          }
        }
      >
        <button
          className="MuiButtonBase-root-157 MuiButton-root-141 MuiButton-raised-147 MuiButton-raisedPrimary-148"
          disabled={false}
          onBlur={[Function]}
          onFocus={[Function]}
          onKeyDown={[Function]}
          onKeyUp={[Function]}
          onMouseDown={[Function]}
          onMouseLeave={[Function]}
          onMouseUp={[Function]}
          onTouchEnd={[Function]}
          onTouchMove={[Function]}
          onTouchStart={[Function]}
          tabIndex="0"
          type="submit"
        >
          <span
            className="MuiButton-label-142"
          >
            Registrar fornecedor
          </span>
          <span
            className="MuiTouchRipple-root-160"
          />
        </button>
      </div>
      <div
        style={
          Object {
            "padding": 20,
            "textAlign": "center",
          }
        }
      >
        <h1
          className="MuiTypography-root-167 MuiTypography-headline-172 MuiTypography-colorError-190"
        >
          foo-error
        </h1>
      </div>
    </form>
  </div>
</div>
`;
