// Jest Snapshot v1, https://goo.gl/fbAQLP

exports[`renders correctly 1`] = `
<div
  className="MuiGrid-item-2 MuiGrid-grid-xs-12-41"
>
  <h5
    className="MuiTypography-root-98 MuiTypography-h5-114 MuiTypography-colorTextSecondary-131"
    style={
      Object {
        "display": "inline-block",
        "marginBottom": 32,
      }
    }
  >
    Materiais
  </h5>
  <div
    cellheight={360}
    className="MuiGrid-container-1 MuiGrid-spacing-xs-8-23"
  >
    <div
      ignoreHighlights={true}
      material={
        Object {
          "id": 11111,
          "published": true,
        }
      }
    >
      Card
    </div>
  </div>
</div>
`;
