// Jest Snapshot v1, https://goo.gl/fbAQLP

exports[`renders correctly 1`] = `
<div
  bar="foo"
  current={
    Object {
      "imageUrl": "list-url",
      "name": "foo-name",
    }
  }
  info={
    Object {
      "imageUrl": "list-url",
      "name": "foo-name",
    }
  }
  infoProps={
    Object {
      "info": Object {
        "imageUrl": "list-url",
        "name": "foo-name",
      },
    }
  }
>
  Info
</div>
`;
