// Jest Snapshot v1, https://goo.gl/fbAQLP

exports[`renders correctly 1`] = `
Array [
  <div
    bar="foo"
>
    NavBar
</div>,
  <div
    className="content"
    style={
        Object {
            "paddingTop": "140px",
          }
    }
>
    <div
        bar="foo"
    >
        Router
    </div>
</div>,
]
`;
