// Jest Snapshot v1, https://goo.gl/fbAQLP

exports[`render renders correctly 1`] = `
<div
  currentUser={
    Object {
      "albums": Array [
        Object {
          "id": 1,
          "name": "123",
        },
        Object {
          "id": 2,
          "name": "345",
        },
      ],
    }
  }
  location={
    Object {
      "state": Object {
        "url": "/test",
      },
    }
  }
  match={
    Object {
      "params": Object {
        "id": 123,
      },
    }
  }
  setCurrentUser={[Function]}
  title="Torne-se premium"
>
  Dialog - 
  <div
    name="subscriptions"
    render={[Function]}
    renderCreated={[Function]}
  >
    New - 
    <div
      creating={undefined}
      currentUser={
        Object {
          "albums": Array [
            Object {
              "id": 1,
              "name": "123",
            },
            Object {
              "id": 2,
              "name": "345",
            },
          ],
        }
      }
      error={undefined}
      setCurrentUser={[Function]}
    >
      render
    </div>
     - 
    <div
      to={
        Object {
          "pathname": "/test/success",
          "state": Object {
            "message": "Parabéns! Você ativou sua assinatura com sucesso.",
            "title": "Assinatura criada",
            "url": "/test",
          },
        }
      }
    >
      Redirect
    </div>
  </div>
</div>
`;
