// Jest Snapshot v1, https://goo.gl/fbAQLP

exports[`renders correctly 1`] = `
<div
  baseUrl="http://foo.bar"
  renderError={[Function]}
  renderLoading={[Function]}
>
  Provider - 
  <div
    id="currentUser"
    name="currentUser"
    parseResponse={[Function]}
    path="/auth/validate_token"
    render={[Function]}
    renderError={false}
    renderLoading={false}
  >
    Info - 
  </div>
</div>
`;
