// Jest Snapshot v1, https://goo.gl/fbAQLP

exports[`renders correctly 1`] = `
<div
  style={
    Object {
      "flexGrow": 1,
    }
  }
>
  <header
    className="MuiPaper-root-9 MuiPaper-elevation0-11 MuiAppBar-root-1 MuiAppBar-positionStatic-5"
  >
    <div
      className="MuiToolbar-root-36 MuiToolbar-gutters-37"
    >
      <div
        style={
          Object {
            "flex": 1,
          }
        }
      >
        <a
          href="/"
          onClick={[Function]}
          style={
            Object {
              "color": "black",
              "textDecoration": "none",
            }
          }
        >
          <img
            alt="logo"
            src="/images/logo-small.jpg"
            style={
              Object {
                "display": "inline-block",
                "marginRight": 10,
                "verticalAlign": "middle",
              }
            }
          />
          <h1
            className="MuiTypography-root-38 MuiTypography-display2-41 MuiTypography-colorInherit-57"
            style={
              Object {
                "display": "inline-block",
                "verticalAlign": "middle",
              }
            }
          >
            Materia
            <span
              style={
                Object {
                  "fontWeight": 300,
                }
              }
            >
              Mundi
            </span>
          </h1>
        </a>
      </div>
      <a
        href="/auth/sign-in"
        onClick={[Function]}
        style={
          Object {
            "color": "black",
            "textDecoration": "none",
          }
        }
      >
        <h3
          className="MuiTypography-root-38 MuiTypography-subheading-45 MuiTypography-colorInherit-57"
        >
          Entrar
        </h3>
      </a>
    </div>
  </header>
  <div
    className="content"
  >
    <div>
      Router
    </div>
  </div>
</div>
`;
