// Jest Snapshot v1, https://goo.gl/fbAQLP

exports[`renders correctly 1`] = `
<div
  className="MuiGrid-item-2 MuiGrid-grid-xs-6-33"
>
  <div
    className="Ratio "
    style={
      Object {
        "display": "block",
        "overflow": "hidden ",
      }
    }
  >
    <div
      className="Ratio-ratio "
      style={
        Object {
          "height": 0,
          "paddingTop": "66.66666666666667%",
          "position": "relative",
          "width": "100%",
        }
      }
    >
      <div
        className="Ratio-content "
        style={
          Object {
            "height": "100%",
            "left": 0,
            "position": "absolute",
            "top": 0,
            "width": "100%",
          }
        }
      >
        <div
          to="/1234"
        >
          Link-
          <img
            alt="foo"
            src="list"
            style={
              Object {
                "width": "100%",
              }
            }
          />
        </div>
        <div
          style={
            Object {
              "background": "rgba(0, 0, 0, 0.6)",
              "bottom": 0,
              "color": "white",
              "height": 90,
              "left": 0,
              "padding": 20,
              "position": "absolute",
              "right": 0,
            }
          }
        >
          <div
            style={
              Object {
                "float": "left",
              }
            }
          >
            <div
              style={
                Object {
                  "color": "white",
                  "display": "block",
                  "textDecoration": "none",
                }
              }
              to="/1234"
            >
              Link-
              <h3
                className="MuiTypography-root-92 MuiTypography-subheading-99 MuiTypography-colorInherit-111"
              >
                foo
              </h3>
            </div>
          </div>
        </div>
      </div>
    </div>
  </div>
</div>
`;
