// Jest Snapshot v1, https://goo.gl/fbAQLP

exports[`renders correctly 1`] = `
<div>
  <div
    className="MuiGrid-container-1 MuiGrid-spacing-xs-24-24"
  >
    <div
      className="MuiGrid-item-2 MuiGrid-grid-xs-12-39 MuiGrid-grid-sm-6-46 MuiGrid-grid-md-4-57"
    >
      <div
        className="MuiPaper-root-93 MuiPaper-elevation2-97 MuiPaper-rounded-94 MuiCard-root-92 list-card"
      >
        <div
          style={
            Object {
              "textDecoration": "none",
            }
          }
          to="/undefined"
        >
          <div
            className="MuiCardMedia-root-120"
            src={undefined}
            style={
              Object {
                "backgroundImage": "url(\\"bar\\")",
                "height": 0,
                "paddingTop": "56.25%",
              }
            }
            title="foo"
          />
          <div
            className="MuiCardContent-root-122"
          >
            <h3
              className="MuiTypography-root-123 MuiTypography-subheading-130 MuiTypography-colorTextSecondary-145"
            >
              foo
            </h3>
            <div
              style={
                Object {
                  "marginTop": 10,
                }
              }
            >
              <span
                className="MuiTypography-root-123 MuiTypography-caption-133 MuiTypography-colorTextSecondary-145"
                style={
                  Object {
                    "marginBottom": 4,
                  }
                }
              />
              <span
                className="MuiTypography-root-123 MuiTypography-caption-133 MuiTypography-colorTextSecondary-145"
              />
            </div>
            <div
              style={
                Object {
                  "clear": "both",
                }
              }
            />
          </div>
        </div>
        <div
          className="MuiCardActions-root-147"
        >
          <div
            className="MuiCardActions-action-148"
            id={undefined}
          >
            Favorite
          </div>
        </div>
      </div>
    </div>
    <div
      className="MuiGrid-item-2 MuiGrid-grid-xs-12-39 MuiGrid-grid-sm-6-46 MuiGrid-grid-md-4-57"
    >
      <div
        className="MuiPaper-root-93 MuiPaper-elevation2-97 MuiPaper-rounded-94 MuiCard-root-92 list-card"
      >
        <div
          style={
            Object {
              "textDecoration": "none",
            }
          }
          to="/undefined"
        >
          <div
            className="MuiCardMedia-root-120"
            src={undefined}
            style={
              Object {
                "backgroundImage": "url(\\"bar\\")",
                "height": 0,
                "paddingTop": "56.25%",
              }
            }
            title="foo"
          />
          <div
            className="MuiCardContent-root-122"
          >
            <h3
              className="MuiTypography-root-123 MuiTypography-subheading-130 MuiTypography-colorTextSecondary-145"
            >
              foo
            </h3>
            <div
              style={
                Object {
                  "marginTop": 10,
                }
              }
            >
              <span
                className="MuiTypography-root-123 MuiTypography-caption-133 MuiTypography-colorTextSecondary-145"
                style={
                  Object {
                    "marginBottom": 4,
                  }
                }
              />
              <span
                className="MuiTypography-root-123 MuiTypography-caption-133 MuiTypography-colorTextSecondary-145"
              />
            </div>
            <div
              style={
                Object {
                  "clear": "both",
                }
              }
            />
          </div>
        </div>
        <div
          className="MuiCardActions-root-147"
        >
          <div
            className="MuiCardActions-action-148"
            id={undefined}
          >
            Favorite
          </div>
        </div>
      </div>
    </div>
    <div
      className="MuiGrid-item-2 MuiGrid-grid-xs-12-39 MuiGrid-grid-sm-6-46 MuiGrid-grid-md-4-57"
    >
      <div
        className="MuiPaper-root-93 MuiPaper-elevation2-97 MuiPaper-rounded-94 MuiCard-root-92 list-card"
      >
        <div
          style={
            Object {
              "textDecoration": "none",
            }
          }
          to="/undefined"
        >
          <div
            className="MuiCardMedia-root-120"
            src={undefined}
            style={
              Object {
                "backgroundImage": "url(\\"bar\\")",
                "height": 0,
                "paddingTop": "56.25%",
              }
            }
            title="foo"
          />
          <div
            className="MuiCardContent-root-122"
          >
            <h3
              className="MuiTypography-root-123 MuiTypography-subheading-130 MuiTypography-colorTextSecondary-145"
            >
              foo
            </h3>
            <div
              style={
                Object {
                  "marginTop": 10,
                }
              }
            >
              <span
                className="MuiTypography-root-123 MuiTypography-caption-133 MuiTypography-colorTextSecondary-145"
                style={
                  Object {
                    "marginBottom": 4,
                  }
                }
              />
              <span
                className="MuiTypography-root-123 MuiTypography-caption-133 MuiTypography-colorTextSecondary-145"
              />
            </div>
            <div
              style={
                Object {
                  "clear": "both",
                }
              }
            />
          </div>
        </div>
        <div
          className="MuiCardActions-root-147"
        >
          <div
            className="MuiCardActions-action-148"
            id={undefined}
          >
            Favorite
          </div>
        </div>
      </div>
    </div>
  </div>
</div>
`;
