// Jest Snapshot v1, https://goo.gl/fbAQLP

exports[`renders correctly 1`] = `
<div
  className="MuiGrid-container-1 MuiGrid-spacing-xs-16-23"
>
  <div
    className="MuiGrid-item-2 MuiGrid-grid-xs-12-39 MuiGrid-grid-md-3-56"
  >
    <div
      history={
        Object {
          "push": [Function],
        }
      }
    >
      Search
    </div>
    <div
      name="categories"
      render={[Function]}
    />
  </div>
  <div
    className="MuiGrid-item-2 MuiGrid-grid-xs-12-39 MuiGrid-grid-md-9-62"
  >
    <div
      name="materials"
      render={[Function]}
    />
  </div>
</div>
`;
