// Jest Snapshot v1, https://goo.gl/fbAQLP

exports[`render correctly 1`] = `
<label
  className="MuiFormControlLabel-root-1"
  style={
    Object {
      "margin": 0,
    }
  }
>
  <span
    className="MuiButtonBase-root-21 MuiIconButton-root-15 MuiSwitchBase-root-11 MuiCheckbox-root-5 MuiCheckbox-colorSecondary-10"
    onBlur={[Function]}
    onFocus={[Function]}
    onKeyDown={[Function]}
    onKeyUp={[Function]}
    onMouseDown={[Function]}
    onMouseLeave={[Function]}
    onMouseUp={[Function]}
    onTouchEnd={[Function]}
    onTouchMove={[Function]}
    onTouchStart={[Function]}
    role={undefined}
    tabIndex={null}
  >
    <span
      className="MuiIconButton-label-20"
    >
      <svg
        aria-hidden="true"
        className="MuiSvgIcon-root-24"
        color={undefined}
        focusable="false"
        role="presentation"
        viewBox="0 0 24 24"
      >
        <path
          d="M19 5v14H5V5h14m0-2H5c-1.1 0-2 .9-2 2v14c0 1.1.9 2 2 2h14c1.1 0 2-.9 2-2V5c0-1.1-.9-2-2-2z"
        />
      </svg>
      <input
        autoFocus={undefined}
        checked={false}
        className="MuiSwitchBase-input-14"
        data-indeterminate={false}
        disabled={undefined}
        id={undefined}
        name="category-root-1234"
        onChange={[Function]}
        readOnly={undefined}
        required={undefined}
        tabIndex={undefined}
        type="checkbox"
        value="foo-name"
      />
    </span>
    <span
      className="MuiTouchRipple-root-68"
    />
  </span>
  <span
    className="MuiTypography-root-33 MuiTypography-body1-42 MuiFormControlLabel-label-4"
  >
    foo-name
  </span>
</label>
`;
