// Jest Snapshot v1, https://goo.gl/fbAQLP

exports[`renders correctly 1`] = `
<div
  title="Adicionar a undefined"
>
  Tooltip - 
  <button
    className="MuiButtonBase-root-27 MuiButton-root-1 MuiButton-text-3 MuiButton-flat-6"
    disabled={false}
    onBlur={[Function]}
    onClick={[Function]}
    onFocus={[Function]}
    onKeyDown={[Function]}
    onKeyUp={[Function]}
    onMouseDown={[Function]}
    onMouseLeave={[Function]}
    onMouseUp={[Function]}
    onTouchEnd={[Function]}
    onTouchMove={[Function]}
    onTouchStart={[Function]}
    style={undefined}
    tabIndex="0"
    type="button"
  >
    <span
      className="MuiButton-label-2"
    />
    <span
      className="MuiTouchRipple-root-30"
    />
  </button>
</div>
`;

exports[`when creating renders correctly 1`] = `
<div
  style={
    Object {
      "bottom": -6,
      "display": "inline",
      "padding": 14,
      "position": "relative",
      "textAlign": "center",
    }
  }
>
  <div
    className="MuiCircularProgress-root-37 MuiCircularProgress-indeterminate-39"
    role="progressbar"
    style={
      Object {
        "height": 20,
        "width": 20,
      }
    }
  >
    <svg
      className="MuiCircularProgress-svg-42"
      viewBox="22 22 44 44"
    >
      <circle
        className="MuiCircularProgress-circle-43 MuiCircularProgress-circleIndeterminate-45"
        cx={44}
        cy={44}
        fill="none"
        r={20.2}
        strokeWidth={3.6}
        style={Object {}}
      />
    </svg>
  </div>
</div>
`;
